
43. Printing statistics.

=== cdc_2phase_clearable$croc_chip.i_croc_soc.i_croc.i_dmi_jtag.i_dmi_cdc.i_cdc_req ===

   Number of wires:                 71
   Number of wire bits:            151
   Number of public wires:          67
   Number of public wire bits:     147
   Number of ports:                 14
   Number of port bits:             94
   Number of memories:               0
   Number of memory bits:            0
   Number of processes:              0
   Number of cells:                 11
     cdc_2phase_dst_clearable$croc_chip.i_croc_soc.i_croc.i_dmi_jtag.i_dmi_cdc.i_cdc_req.i_dst      1
     cdc_2phase_src_clearable$croc_chip.i_croc_soc.i_croc.i_dmi_jtag.i_dmi_cdc.i_cdc_req.i_src      1
     cdc_reset_ctrlr$croc_chip.i_croc_soc.i_croc.i_dmi_jtag.i_dmi_cdc.i_cdc_req.i_cdc_reset_ctrlr      1
     sg13g2_dfrbp_1                  4
     sg13g2_nor2b_1                  4

=== cdc_2phase_clearable$croc_chip.i_croc_soc.i_croc.i_dmi_jtag.i_dmi_cdc.i_cdc_resp ===

   Number of wires:                 64
   Number of wire bits:            130
   Number of public wires:          60
   Number of public wire bits:     126
   Number of ports:                 14
   Number of port bits:             80
   Number of memories:               0
   Number of memory bits:            0
   Number of processes:              0
   Number of cells:                 11
     cdc_2phase_dst_clearable$croc_chip.i_croc_soc.i_croc.i_dmi_jtag.i_dmi_cdc.i_cdc_resp.i_dst      1
     cdc_2phase_src_clearable$croc_chip.i_croc_soc.i_croc.i_dmi_jtag.i_dmi_cdc.i_cdc_resp.i_src      1
     cdc_reset_ctrlr$croc_chip.i_croc_soc.i_croc.i_dmi_jtag.i_dmi_cdc.i_cdc_resp.i_cdc_reset_ctrlr      1
     sg13g2_dfrbp_1                  4
     sg13g2_nor2b_1                  4

=== cdc_2phase_dst_clearable$croc_chip.i_croc_soc.i_croc.i_dmi_jtag.i_dmi_cdc.i_cdc_req.i_dst ===

   Number of wires:                195
   Number of wire bits:            275
   Number of public wires:          96
   Number of public wire bits:     176
   Number of ports:                  9
   Number of port bits:             89
   Number of memories:               0
   Number of memory bits:            0
   Number of processes:              0
   Number of cells:                144
     sg13g2_a21o_1                   1
     sg13g2_a22oi_1                  1
     sg13g2_buf_8                    9
     sg13g2_dfrbp_1                 43
     sg13g2_mux2_1                  82
     sg13g2_nand2b_1                 2
     sg13g2_nand3b_1                 1
     sg13g2_nor2_1                   1
     sg13g2_nor2b_1                  1
     sg13g2_o21ai_1                  1
     sg13g2_xor2_1                   1
     sync$croc_chip.i_croc_soc.i_croc.i_dmi_jtag.i_dmi_cdc.i_cdc_req.i_dst.i_sync      1

=== cdc_2phase_dst_clearable$croc_chip.i_croc_soc.i_croc.i_dmi_jtag.i_dmi_cdc.i_cdc_resp.i_dst ===

   Number of wires:                166
   Number of wire bits:            232
   Number of public wires:          82
   Number of public wire bits:     148
   Number of ports:                  9
   Number of port bits:             75
   Number of memories:               0
   Number of memory bits:            0
   Number of processes:              0
   Number of cells:                122
     sg13g2_a21o_1                   1
     sg13g2_a22oi_1                  1
     sg13g2_buf_16                   3
     sg13g2_buf_8                    5
     sg13g2_dfrbp_1                 36
     sg13g2_mux2_1                  68
     sg13g2_nand2b_1                 2
     sg13g2_nand3b_1                 1
     sg13g2_nor2_1                   1
     sg13g2_nor2b_1                  1
     sg13g2_o21ai_1                  1
     sg13g2_xor2_1                   1
     sync$croc_chip.i_croc_soc.i_croc.i_dmi_jtag.i_dmi_cdc.i_cdc_resp.i_dst.i_sync      1

=== cdc_2phase_src_clearable$croc_chip.i_croc_soc.i_croc.i_dmi_jtag.i_dmi_cdc.i_cdc_req.i_src ===

   Number of wires:                193
   Number of wire bits:            273
   Number of public wires:          95
   Number of public wire bits:     175
   Number of ports:                  9
   Number of port bits:             89
   Number of memories:               0
   Number of memory bits:            0
   Number of processes:              0
   Number of cells:                143
     sg13g2_a21oi_1                  2
     sg13g2_and2_2                   1
     sg13g2_buf_16                   1
     sg13g2_buf_8                    8
     sg13g2_dfrbp_1                 42
     sg13g2_inv_1                    1
     sg13g2_mux2_1                  82
     sg13g2_nor2b_1                  2
     sg13g2_o21ai_1                  1
     sg13g2_or2_1                    1
     sg13g2_xnor2_1                  1
     sync$croc_chip.i_croc_soc.i_croc.i_dmi_jtag.i_dmi_cdc.i_cdc_req.i_src.i_sync      1

=== cdc_2phase_src_clearable$croc_chip.i_croc_soc.i_croc.i_dmi_jtag.i_dmi_cdc.i_cdc_resp.i_src ===

   Number of wires:                164
   Number of wire bits:            230
   Number of public wires:          81
   Number of public wire bits:     147
   Number of ports:                  9
   Number of port bits:             75
   Number of memories:               0
   Number of memory bits:            0
   Number of processes:              0
   Number of cells:                121
     sg13g2_a21oi_1                  2
     sg13g2_and2_1                   1
     sg13g2_buf_16                   3
     sg13g2_buf_8                    5
     sg13g2_dfrbp_1                 35
     sg13g2_inv_1                    1
     sg13g2_mux2_1                  68
     sg13g2_nor2b_1                  2
     sg13g2_o21ai_1                  1
     sg13g2_or2_1                    1
     sg13g2_xnor2_1                  1
     sync$croc_chip.i_croc_soc.i_croc.i_dmi_jtag.i_dmi_cdc.i_cdc_resp.i_src.i_sync      1

=== cdc_4phase_dst$croc_chip.i_croc_soc.i_croc.i_dmi_jtag.i_dmi_cdc.i_cdc_req.i_cdc_reset_ctrlr.i_cdc_reset_ctrlr_half_a.i_state_transition_cdc_dst ===

   Number of wires:                 27
   Number of wire bits:             29
   Number of public wires:          15
   Number of public wire bits:      17
   Number of ports:                  8
   Number of port bits:             10
   Number of memories:               0
   Number of memory bits:            0
   Number of processes:              0
   Number of cells:                 17
     sg13g2_a21o_1                   1
     sg13g2_a21oi_1                  1
     sg13g2_dfrbp_1                  3
     sg13g2_inv_1                    2
     sg13g2_mux2_1                   1
     sg13g2_nand2b_1                 2
     sg13g2_nand3_1                  1
     sg13g2_nand3b_1                 2
     sg13g2_nor3_1                   1
     sg13g2_o21ai_1                  2
     sync$croc_chip.i_croc_soc.i_croc.i_dmi_jtag.i_dmi_cdc.i_cdc_req.i_cdc_reset_ctrlr.i_cdc_reset_ctrlr_half_a.i_state_transition_cdc_dst.i_sync      1

=== cdc_4phase_dst$croc_chip.i_croc_soc.i_croc.i_dmi_jtag.i_dmi_cdc.i_cdc_req.i_cdc_reset_ctrlr.i_cdc_reset_ctrlr_half_b.i_state_transition_cdc_dst ===

   Number of wires:                 27
   Number of wire bits:             29
   Number of public wires:          15
   Number of public wire bits:      17
   Number of ports:                  8
   Number of port bits:             10
   Number of memories:               0
   Number of memory bits:            0
   Number of processes:              0
   Number of cells:                 17
     sg13g2_a21o_1                   1
     sg13g2_a21oi_1                  1
     sg13g2_dfrbp_1                  3
     sg13g2_inv_1                    2
     sg13g2_mux2_1                   1
     sg13g2_nand2b_1                 2
     sg13g2_nand3_1                  1
     sg13g2_nand3b_1                 2
     sg13g2_nor3_1                   1
     sg13g2_o21ai_1                  2
     sync$croc_chip.i_croc_soc.i_croc.i_dmi_jtag.i_dmi_cdc.i_cdc_req.i_cdc_reset_ctrlr.i_cdc_reset_ctrlr_half_b.i_state_transition_cdc_dst.i_sync      1

=== cdc_4phase_dst$croc_chip.i_croc_soc.i_croc.i_dmi_jtag.i_dmi_cdc.i_cdc_resp.i_cdc_reset_ctrlr.i_cdc_reset_ctrlr_half_a.i_state_transition_cdc_dst ===

   Number of wires:                 27
   Number of wire bits:             29
   Number of public wires:          15
   Number of public wire bits:      17
   Number of ports:                  8
   Number of port bits:             10
   Number of memories:               0
   Number of memory bits:            0
   Number of processes:              0
   Number of cells:                 17
     sg13g2_a21o_1                   1
     sg13g2_a21oi_1                  1
     sg13g2_dfrbp_1                  3
     sg13g2_inv_1                    2
     sg13g2_mux2_1                   1
     sg13g2_nand2b_1                 2
     sg13g2_nand3_1                  1
     sg13g2_nand3b_1                 2
     sg13g2_nor3_1                   1
     sg13g2_o21ai_1                  2
     sync$croc_chip.i_croc_soc.i_croc.i_dmi_jtag.i_dmi_cdc.i_cdc_resp.i_cdc_reset_ctrlr.i_cdc_reset_ctrlr_half_a.i_state_transition_cdc_dst.i_sync      1

=== cdc_4phase_dst$croc_chip.i_croc_soc.i_croc.i_dmi_jtag.i_dmi_cdc.i_cdc_resp.i_cdc_reset_ctrlr.i_cdc_reset_ctrlr_half_b.i_state_transition_cdc_dst ===

   Number of wires:                 27
   Number of wire bits:             29
   Number of public wires:          15
   Number of public wire bits:      17
   Number of ports:                  8
   Number of port bits:             10
   Number of memories:               0
   Number of memory bits:            0
   Number of processes:              0
   Number of cells:                 17
     sg13g2_a21o_1                   1
     sg13g2_a21oi_1                  1
     sg13g2_dfrbp_1                  3
     sg13g2_inv_1                    2
     sg13g2_mux2_1                   1
     sg13g2_nand2b_1                 2
     sg13g2_nand3_1                  1
     sg13g2_nand3b_1                 2
     sg13g2_nor3_1                   1
     sg13g2_o21ai_1                  2
     sync$croc_chip.i_croc_soc.i_croc.i_dmi_jtag.i_dmi_cdc.i_cdc_resp.i_cdc_reset_ctrlr.i_cdc_reset_ctrlr_half_b.i_state_transition_cdc_dst.i_sync      1

=== cdc_4phase_src$croc_chip.i_croc_soc.i_croc.i_dmi_jtag.i_dmi_cdc.i_cdc_req.i_cdc_reset_ctrlr.i_cdc_reset_ctrlr_half_a.i_state_transition_cdc_src ===

   Number of wires:                 39
   Number of wire bits:             41
   Number of public wires:          19
   Number of public wire bits:      21
   Number of ports:                  8
   Number of port bits:             10
   Number of memories:               0
   Number of memory bits:            0
   Number of processes:              0
   Number of cells:                 27
     sg13g2_a21o_1                   2
     sg13g2_a21oi_1                  1
     sg13g2_a22oi_1                  1
     sg13g2_dfrbp_1                  5
     sg13g2_inv_1                    3
     sg13g2_mux2_1                   5
     sg13g2_nand2b_2                 1
     sg13g2_nand3_1                  1
     sg13g2_nor2_1                   2
     sg13g2_nor2_2                   1
     sg13g2_nor2b_1                  1
     sg13g2_nor3_1                   1
     sg13g2_or2_1                    2
     sync$croc_chip.i_croc_soc.i_croc.i_dmi_jtag.i_dmi_cdc.i_cdc_req.i_cdc_reset_ctrlr.i_cdc_reset_ctrlr_half_a.i_state_transition_cdc_src.i_sync      1

=== cdc_4phase_src$croc_chip.i_croc_soc.i_croc.i_dmi_jtag.i_dmi_cdc.i_cdc_req.i_cdc_reset_ctrlr.i_cdc_reset_ctrlr_half_b.i_state_transition_cdc_src ===

   Number of wires:                 39
   Number of wire bits:             41
   Number of public wires:          19
   Number of public wire bits:      21
   Number of ports:                  8
   Number of port bits:             10
   Number of memories:               0
   Number of memory bits:            0
   Number of processes:              0
   Number of cells:                 27
     sg13g2_a21o_1                   2
     sg13g2_a21oi_1                  1
     sg13g2_a22oi_1                  1
     sg13g2_dfrbp_1                  5
     sg13g2_inv_1                    3
     sg13g2_mux2_1                   5
     sg13g2_nand2b_2                 1
     sg13g2_nand3_1                  1
     sg13g2_nor2_1                   2
     sg13g2_nor2_2                   1
     sg13g2_nor2b_1                  1
     sg13g2_nor3_1                   1
     sg13g2_or2_1                    2
     sync$croc_chip.i_croc_soc.i_croc.i_dmi_jtag.i_dmi_cdc.i_cdc_req.i_cdc_reset_ctrlr.i_cdc_reset_ctrlr_half_b.i_state_transition_cdc_src.i_sync      1

=== cdc_4phase_src$croc_chip.i_croc_soc.i_croc.i_dmi_jtag.i_dmi_cdc.i_cdc_resp.i_cdc_reset_ctrlr.i_cdc_reset_ctrlr_half_a.i_state_transition_cdc_src ===

   Number of wires:                 39
   Number of wire bits:             41
   Number of public wires:          19
   Number of public wire bits:      21
   Number of ports:                  8
   Number of port bits:             10
   Number of memories:               0
   Number of memory bits:            0
   Number of processes:              0
   Number of cells:                 27
     sg13g2_a21o_1                   2
     sg13g2_a21oi_1                  1
     sg13g2_a22oi_1                  1
     sg13g2_dfrbp_1                  5
     sg13g2_inv_1                    3
     sg13g2_mux2_1                   5
     sg13g2_nand2b_2                 1
     sg13g2_nand3_1                  1
     sg13g2_nor2_1                   2
     sg13g2_nor2_2                   1
     sg13g2_nor2b_1                  1
     sg13g2_nor3_1                   1
     sg13g2_or2_1                    2
     sync$croc_chip.i_croc_soc.i_croc.i_dmi_jtag.i_dmi_cdc.i_cdc_resp.i_cdc_reset_ctrlr.i_cdc_reset_ctrlr_half_a.i_state_transition_cdc_src.i_sync      1

=== cdc_4phase_src$croc_chip.i_croc_soc.i_croc.i_dmi_jtag.i_dmi_cdc.i_cdc_resp.i_cdc_reset_ctrlr.i_cdc_reset_ctrlr_half_b.i_state_transition_cdc_src ===

   Number of wires:                 39
   Number of wire bits:             41
   Number of public wires:          19
   Number of public wire bits:      21
   Number of ports:                  8
   Number of port bits:             10
   Number of memories:               0
   Number of memory bits:            0
   Number of processes:              0
   Number of cells:                 27
     sg13g2_a21o_1                   2
     sg13g2_a21oi_1                  1
     sg13g2_a22oi_1                  1
     sg13g2_dfrbp_1                  5
     sg13g2_inv_1                    3
     sg13g2_mux2_1                   5
     sg13g2_nand2b_2                 1
     sg13g2_nand3_1                  1
     sg13g2_nor2_1                   2
     sg13g2_nor2_2                   1
     sg13g2_nor2b_1                  1
     sg13g2_nor3_1                   1
     sg13g2_or2_1                    2
     sync$croc_chip.i_croc_soc.i_croc.i_dmi_jtag.i_dmi_cdc.i_cdc_resp.i_cdc_reset_ctrlr.i_cdc_reset_ctrlr_half_b.i_state_transition_cdc_src.i_sync      1

=== cdc_reset_ctrlr$croc_chip.i_croc_soc.i_croc.i_dmi_jtag.i_dmi_cdc.i_cdc_req.i_cdc_reset_ctrlr ===

   Number of wires:                 22
   Number of wire bits:             22
   Number of public wires:          22
   Number of public wire bits:      22
   Number of ports:                 14
   Number of port bits:             14
   Number of memories:               0
   Number of memory bits:            0
   Number of processes:              0
   Number of cells:                  2
     cdc_reset_ctrlr_half$croc_chip.i_croc_soc.i_croc.i_dmi_jtag.i_dmi_cdc.i_cdc_req.i_cdc_reset_ctrlr.i_cdc_reset_ctrlr_half_a      1
     cdc_reset_ctrlr_half$croc_chip.i_croc_soc.i_croc.i_dmi_jtag.i_dmi_cdc.i_cdc_req.i_cdc_reset_ctrlr.i_cdc_reset_ctrlr_half_b      1

=== cdc_reset_ctrlr$croc_chip.i_croc_soc.i_croc.i_dmi_jtag.i_dmi_cdc.i_cdc_resp.i_cdc_reset_ctrlr ===

   Number of wires:                 22
   Number of wire bits:             22
   Number of public wires:          22
   Number of public wire bits:      22
   Number of ports:                 14
   Number of port bits:             14
   Number of memories:               0
   Number of memory bits:            0
   Number of processes:              0
   Number of cells:                  2
     cdc_reset_ctrlr_half$croc_chip.i_croc_soc.i_croc.i_dmi_jtag.i_dmi_cdc.i_cdc_resp.i_cdc_reset_ctrlr.i_cdc_reset_ctrlr_half_a      1
     cdc_reset_ctrlr_half$croc_chip.i_croc_soc.i_croc.i_dmi_jtag.i_dmi_cdc.i_cdc_resp.i_cdc_reset_ctrlr.i_cdc_reset_ctrlr_half_b      1

=== cdc_reset_ctrlr_half$croc_chip.i_croc_soc.i_croc.i_dmi_jtag.i_dmi_cdc.i_cdc_req.i_cdc_reset_ctrlr.i_cdc_reset_ctrlr_half_a ===

   Number of wires:                101
   Number of wire bits:            103
   Number of public wires:          32
   Number of public wire bits:      34
   Number of ports:                 13
   Number of port bits:             15
   Number of memories:               0
   Number of memory bits:            0
   Number of processes:              0
   Number of cells:                 82
     cdc_4phase_dst$croc_chip.i_croc_soc.i_croc.i_dmi_jtag.i_dmi_cdc.i_cdc_req.i_cdc_reset_ctrlr.i_cdc_reset_ctrlr_half_a.i_state_transition_cdc_dst      1
     cdc_4phase_src$croc_chip.i_croc_soc.i_croc.i_dmi_jtag.i_dmi_cdc.i_cdc_req.i_cdc_reset_ctrlr.i_cdc_reset_ctrlr_half_a.i_state_transition_cdc_src      1
     sg13g2_a21o_1                   3
     sg13g2_a21oi_1                  4
     sg13g2_a221oi_1                 3
     sg13g2_a22oi_1                  2
     sg13g2_and3_1                   1
     sg13g2_buf_1                    1
     sg13g2_dfrbp_1                  6
     sg13g2_inv_1                    7
     sg13g2_mux2_1                   7
     sg13g2_nand2_1                  2
     sg13g2_nand2b_1                 1
     sg13g2_nand4_1                  4
     sg13g2_nor2_1                  13
     sg13g2_nor2b_1                  3
     sg13g2_nor3_1                  11
     sg13g2_nor3_2                   1
     sg13g2_nor4_1                   1
     sg13g2_o21ai_1                  7
     sg13g2_or2_1                    1
     sg13g2_or2_2                    1
     sg13g2_or3_1                    1

=== cdc_reset_ctrlr_half$croc_chip.i_croc_soc.i_croc.i_dmi_jtag.i_dmi_cdc.i_cdc_req.i_cdc_reset_ctrlr.i_cdc_reset_ctrlr_half_b ===

   Number of wires:                101
   Number of wire bits:            103
   Number of public wires:          32
   Number of public wire bits:      34
   Number of ports:                 13
   Number of port bits:             15
   Number of memories:               0
   Number of memory bits:            0
   Number of processes:              0
   Number of cells:                 82
     cdc_4phase_dst$croc_chip.i_croc_soc.i_croc.i_dmi_jtag.i_dmi_cdc.i_cdc_req.i_cdc_reset_ctrlr.i_cdc_reset_ctrlr_half_b.i_state_transition_cdc_dst      1
     cdc_4phase_src$croc_chip.i_croc_soc.i_croc.i_dmi_jtag.i_dmi_cdc.i_cdc_req.i_cdc_reset_ctrlr.i_cdc_reset_ctrlr_half_b.i_state_transition_cdc_src      1
     sg13g2_a21o_1                   3
     sg13g2_a21oi_1                  4
     sg13g2_a221oi_1                 3
     sg13g2_a22oi_1                  2
     sg13g2_and3_1                   1
     sg13g2_buf_1                    1
     sg13g2_dfrbp_1                  6
     sg13g2_inv_1                    7
     sg13g2_mux2_1                   7
     sg13g2_nand2_1                  2
     sg13g2_nand2b_1                 1
     sg13g2_nand4_1                  4
     sg13g2_nor2_1                  13
     sg13g2_nor2b_1                  3
     sg13g2_nor3_1                  11
     sg13g2_nor3_2                   1
     sg13g2_nor4_1                   1
     sg13g2_o21ai_1                  7
     sg13g2_or2_1                    1
     sg13g2_or2_2                    1
     sg13g2_or3_1                    1

=== cdc_reset_ctrlr_half$croc_chip.i_croc_soc.i_croc.i_dmi_jtag.i_dmi_cdc.i_cdc_resp.i_cdc_reset_ctrlr.i_cdc_reset_ctrlr_half_a ===

   Number of wires:                 99
   Number of wire bits:            101
   Number of public wires:          32
   Number of public wire bits:      34
   Number of ports:                 13
   Number of port bits:             15
   Number of memories:               0
   Number of memory bits:            0
   Number of processes:              0
   Number of cells:                 80
     cdc_4phase_dst$croc_chip.i_croc_soc.i_croc.i_dmi_jtag.i_dmi_cdc.i_cdc_resp.i_cdc_reset_ctrlr.i_cdc_reset_ctrlr_half_a.i_state_transition_cdc_dst      1
     cdc_4phase_src$croc_chip.i_croc_soc.i_croc.i_dmi_jtag.i_dmi_cdc.i_cdc_resp.i_cdc_reset_ctrlr.i_cdc_reset_ctrlr_half_a.i_state_transition_cdc_src      1
     sg13g2_a21o_1                   2
     sg13g2_a21oi_1                 11
     sg13g2_a221oi_1                 2
     sg13g2_a22oi_1                  1
     sg13g2_and2_1                   1
     sg13g2_and3_1                   1
     sg13g2_buf_8                    1
     sg13g2_dfrbp_1                  6
     sg13g2_inv_1                    4
     sg13g2_inv_8                    1
     sg13g2_mux2_1                   5
     sg13g2_nand2_1                  4
     sg13g2_nand2b_1                 3
     sg13g2_nand3b_1                 1
     sg13g2_nor2_1                  13
     sg13g2_nor2_2                   1
     sg13g2_nor2b_1                  1
     sg13g2_nor3_1                   6
     sg13g2_nor4_2                   1
     sg13g2_o21ai_1                  8
     sg13g2_or2_1                    1
     sg13g2_or2_2                    1
     sg13g2_or3_1                    2
     sg13g2_or4_2                    1

=== cdc_reset_ctrlr_half$croc_chip.i_croc_soc.i_croc.i_dmi_jtag.i_dmi_cdc.i_cdc_resp.i_cdc_reset_ctrlr.i_cdc_reset_ctrlr_half_b ===

   Number of wires:                110
   Number of wire bits:            112
   Number of public wires:          32
   Number of public wire bits:      34
   Number of ports:                 13
   Number of port bits:             15
   Number of memories:               0
   Number of memory bits:            0
   Number of processes:              0
   Number of cells:                 91
     cdc_4phase_dst$croc_chip.i_croc_soc.i_croc.i_dmi_jtag.i_dmi_cdc.i_cdc_resp.i_cdc_reset_ctrlr.i_cdc_reset_ctrlr_half_b.i_state_transition_cdc_dst      1
     cdc_4phase_src$croc_chip.i_croc_soc.i_croc.i_dmi_jtag.i_dmi_cdc.i_cdc_resp.i_cdc_reset_ctrlr.i_cdc_reset_ctrlr_half_b.i_state_transition_cdc_src      1
     sg13g2_a21o_1                   3
     sg13g2_a21oi_1                  8
     sg13g2_a221oi_1                 3
     sg13g2_a22oi_1                  2
     sg13g2_and2_1                   2
     sg13g2_and2_2                   1
     sg13g2_and3_1                   1
     sg13g2_buf_16                   1
     sg13g2_buf_2                    1
     sg13g2_dfrbp_1                  6
     sg13g2_inv_1                    6
     sg13g2_mux2_1                   5
     sg13g2_nand2_1                  5
     sg13g2_nand2b_1                 5
     sg13g2_nand3_1                  2
     sg13g2_nand4_1                  1
     sg13g2_nor2_1                  11
     sg13g2_nor2b_1                  3
     sg13g2_nor2b_2                  1
     sg13g2_nor3_1                   8
     sg13g2_nor4_1                   1
     sg13g2_nor4_2                   1
     sg13g2_o21ai_1                  7
     sg13g2_or2_1                    2
     sg13g2_or3_1                    2
     sg13g2_or4_1                    1

=== core_wrap$croc_chip.i_croc_soc.i_croc.i_core_wrap ===

   Number of wires:               5977
   Number of wire bits:           6181
   Number of public wires:        1012
   Number of public wire bits:    1216
   Number of ports:                 25
   Number of port bits:            229
   Number of memories:               0
   Number of memory bits:            0
   Number of processes:              0
   Number of cells:               5285
     $scopeinfo                     12
     cve2_cs_registers$croc_chip.i_croc_soc.i_croc.i_core_wrap.i_ibex.cs_registers_i      1
     cve2_register_file_ff$croc_chip.i_croc_soc.i_croc.i_core_wrap.i_ibex.register_file_i      1
     sg13g2_a21o_1                 101
     sg13g2_a21o_2                   1
     sg13g2_a21oi_1                544
     sg13g2_a21oi_2                  1
     sg13g2_a221oi_1               187
     sg13g2_a22oi_1                204
     sg13g2_and2_1                 146
     sg13g2_and3_1                  37
     sg13g2_and4_1                  14
     sg13g2_buf_1                  304
     sg13g2_buf_2                   16
     sg13g2_buf_4                    4
     sg13g2_buf_8                    6
     sg13g2_dfrbp_1                365
     sg13g2_inv_1                  246
     sg13g2_mux2_1                 562
     sg13g2_mux2_2                   1
     sg13g2_mux4_1                  40
     sg13g2_nand2_1                545
     sg13g2_nand2_2                  1
     sg13g2_nand2b_1               102
     sg13g2_nand3_1                172
     sg13g2_nand3b_1                15
     sg13g2_nand4_1                 33
     sg13g2_nor2_1                 456
     sg13g2_nor2_2                   1
     sg13g2_nor2b_1                 63
     sg13g2_nor2b_2                  1
     sg13g2_nor3_1                 190
     sg13g2_nor3_2                   2
     sg13g2_nor4_1                  58
     sg13g2_nor4_2                   3
     sg13g2_o21ai_1                600
     sg13g2_or2_1                   72
     sg13g2_or3_1                   21
     sg13g2_or3_2                    1
     sg13g2_or4_1                   10
     sg13g2_xnor2_1                114
     sg13g2_xor2_1                  32

=== croc_chip ===

   Number of wires:                160
   Number of wire bits:            160
   Number of public wires:         160
   Number of public wire bits:     160
   Number of ports:                 48
   Number of port bits:             48
   Number of memories:               0
   Number of memory bits:            0
   Number of processes:              0
   Number of cells:                 65
     croc_soc$croc_chip.i_croc_soc      1
     sg13g2_IOPadIOVdd               4
     sg13g2_IOPadIOVss               4
     sg13g2_IOPadIn                 10
     sg13g2_IOPadInOut30mA          32
     sg13g2_IOPadOut16mA             6
     sg13g2_IOPadVdd                 4
     sg13g2_IOPadVss                 4

=== croc_domain$croc_chip.i_croc_soc.i_croc ===

   Number of wires:              10879
   Number of wire bits:          11226
   Number of public wires:        2501
   Number of public wire bits:    2848
   Number of ports:                 26
   Number of port bits:            373
   Number of memories:               0
   Number of memory bits:            0
   Number of processes:              0
   Number of cells:               9502
     $scopeinfo                     82
     core_wrap$croc_chip.i_croc_soc.i_croc.i_core_wrap      1
     dm_top$croc_chip.i_croc_soc.i_croc.i_dm_top.i_dm_top      1
     dma$croc_chip.i_croc_soc.i_croc.i_dma      1
     dmi_jtag$croc_chip.i_croc_soc.i_croc.i_dmi_jtag      1
     gpio$croc_chip.i_croc_soc.i_croc.i_gpio      1
     sg13g2_a21o_1                 163
     sg13g2_a21oi_1                411
     sg13g2_a21oi_2                  2
     sg13g2_a221oi_1               343
     sg13g2_a22oi_1                393
     sg13g2_and2_1                 285
     sg13g2_and3_1                  45
     sg13g2_and3_2                   3
     sg13g2_and4_1                  21
     sg13g2_buf_1                  808
     sg13g2_buf_2                    4
     sg13g2_buf_4                    1
     sg13g2_buf_8                    2
     sg13g2_dfrbp_1                700
     sg13g2_inv_1                  253
     sg13g2_inv_2                    2
     sg13g2_mux2_1                 523
     sg13g2_mux4_1                 106
     sg13g2_nand2_1                646
     sg13g2_nand2b_1               279
     sg13g2_nand3_1               2011
     sg13g2_nand3b_1                36
     sg13g2_nand4_1                 81
     sg13g2_nor2_1                 680
     sg13g2_nor2_2                   1
     sg13g2_nor2b_1                171
     sg13g2_nor2b_2                  1
     sg13g2_nor3_1                 252
     sg13g2_nor3_2                   3
     sg13g2_nor4_1                  61
     sg13g2_nor4_2                   4
     sg13g2_o21ai_1                784
     sg13g2_or2_1                  176
     sg13g2_or3_1                   16
     sg13g2_or4_1                   11
     sg13g2_xnor2_1                 81
     sg13g2_xor2_1                  46
     soc_ctrl_reg_top$croc_chip.i_croc_soc.i_croc.i_soc_ctrl      1
     spi$croc_chip.i_croc_soc.i_croc.i_spi      1
     sync$croc_chip.i_croc_soc.i_croc.i_uart.i_uart_modem.i_sync_cd      1
     sync$croc_chip.i_croc_soc.i_croc.i_uart.i_uart_modem.i_sync_cts      1
     sync$croc_chip.i_croc_soc.i_croc.i_uart.i_uart_modem.i_sync_dsr      1
     sync$croc_chip.i_croc_soc.i_croc.i_uart.i_uart_modem.i_sync_ri      1
     sync$croc_chip.i_croc_soc.i_croc.i_uart.i_uart_rx.i_sync      1
     tc_sram_impl$croc_chip.i_croc_soc.i_croc.gen_sram_bank[0].i_sram      1
     tc_sram_impl$croc_chip.i_croc_soc.i_croc.gen_sram_bank[1].i_sram      1
     timer_unit$croc_chip.i_croc_soc.i_croc.i_timer      1

=== croc_soc$croc_chip.i_croc_soc ===

   Number of wires:                292
   Number of wire bits:            385
   Number of public wires:         288
   Number of public wire bits:     381
   Number of ports:                 20
   Number of port bits:            113
   Number of memories:               0
   Number of memory bits:            0
   Number of processes:              0
   Number of cells:                 12
     $scopeinfo                      2
     croc_domain$croc_chip.i_croc_soc.i_croc      1
     sg13g2_dfrbp_1                  4
     sync$croc_chip.i_croc_soc.i_ext_intr_sync      1
     tc_clk_mux2$croc_chip.i_croc_soc.i_rstgen.i_rstgen_bypass.i_tc_clk_mux2_init_no      1
     tc_clk_mux2$croc_chip.i_croc_soc.i_rstgen.i_rstgen_bypass.i_tc_clk_mux2_rst_n      1
     tc_clk_mux2$croc_chip.i_croc_soc.i_rstgen.i_rstgen_bypass.i_tc_clk_mux2_rst_no      1
     user_domain$croc_chip.i_croc_soc.i_user      1

=== cve2_cs_registers$croc_chip.i_croc_soc.i_croc.i_core_wrap.i_ibex.cs_registers_i ===

   Number of wires:               3469
   Number of wire bits:           3994
   Number of public wires:         431
   Number of public wire bits:     956
   Number of ports:                 56
   Number of port bits:            581
   Number of memories:               0
   Number of memory bits:            0
   Number of processes:              0
   Number of cells:               3118
     $scopeinfo                     19
     sg13g2_a21o_1                  11
     sg13g2_a21oi_1                235
     sg13g2_a21oi_2                  1
     sg13g2_a221oi_1                41
     sg13g2_a22oi_1                160
     sg13g2_and2_1                  82
     sg13g2_and2_2                   1
     sg13g2_and3_1                  33
     sg13g2_and4_1                  24
     sg13g2_buf_1                  182
     sg13g2_buf_16                   1
     sg13g2_buf_2                   38
     sg13g2_buf_8                    1
     sg13g2_dfrbp_1                465
     sg13g2_inv_1                   60
     sg13g2_mux2_1                 547
     sg13g2_mux4_1                  12
     sg13g2_nand2_1                297
     sg13g2_nand2_2                  1
     sg13g2_nand2b_1                51
     sg13g2_nand2b_2                 1
     sg13g2_nand3_1                 83
     sg13g2_nand3b_1                12
     sg13g2_nand4_1                 50
     sg13g2_nor2_1                 150
     sg13g2_nor2_2                   1
     sg13g2_nor2b_1                 64
     sg13g2_nor3_1                 101
     sg13g2_nor3_2                   4
     sg13g2_nor4_1                  30
     sg13g2_nor4_2                   5
     sg13g2_o21ai_1                269
     sg13g2_or2_1                   19
     sg13g2_or3_1                    9
     sg13g2_or4_1                    2
     sg13g2_xnor2_1                 45
     sg13g2_xor2_1                  11

=== cve2_register_file_ff$croc_chip.i_croc_soc.i_croc.i_core_wrap.i_ibex.register_file_i ===

   Number of wires:               4861
   Number of wire bits:           4966
   Number of public wires:        1002
   Number of public wire bits:    1107
   Number of ports:                 10
   Number of port bits:            115
   Number of memories:               0
   Number of memory bits:            0
   Number of processes:              0
   Number of cells:               3923
     sg13g2_a21o_1                  64
     sg13g2_a22oi_1                192
     sg13g2_and2_1                   4
     sg13g2_and2_2                   3
     sg13g2_buf_1                  327
     sg13g2_buf_2                   60
     sg13g2_buf_4                    7
     sg13g2_buf_8                    3
     sg13g2_dfrbp_1                992
     sg13g2_inv_1                    4
     sg13g2_mux2_1                1696
     sg13g2_mux4_1                 256
     sg13g2_nand2_1                 79
     sg13g2_nand2b_1                70
     sg13g2_nand3_1                  1
     sg13g2_nand3b_1                64
     sg13g2_nand4_1                 65
     sg13g2_nor2_1                  13
     sg13g2_nor2_2                   3
     sg13g2_nor2b_1                 12
     sg13g2_nor2b_2                  1
     sg13g2_nor3_1                   4
     sg13g2_nor3_2                   3

=== dm_top$croc_chip.i_croc_soc.i_croc.i_dm_top.i_dm_top ===

   Number of wires:               5465
   Number of wire bits:           5816
   Number of public wires:         809
   Number of public wire bits:    1160
   Number of ports:                 33
   Number of port bits:            360
   Number of memories:               0
   Number of memory bits:            0
   Number of processes:              0
   Number of cells:               4867
     $scopeinfo                      5
     sg13g2_a21o_1                  68
     sg13g2_a21oi_1                304
     sg13g2_a21oi_2                  6
     sg13g2_a221oi_1                81
     sg13g2_a22oi_1                163
     sg13g2_and2_1                  96
     sg13g2_and3_1                  17
     sg13g2_and4_1                  23
     sg13g2_buf_1                  388
     sg13g2_buf_2                   24
     sg13g2_buf_4                    1
     sg13g2_dfrbp_1                663
     sg13g2_inv_1                  327
     sg13g2_mux2_1                 196
     sg13g2_mux4_1                 147
     sg13g2_nand2_1                628
     sg13g2_nand2b_1                44
     sg13g2_nand3_1                376
     sg13g2_nand3b_1                 7
     sg13g2_nand4_1                 81
     sg13g2_nor2_1                 253
     sg13g2_nor2_2                   5
     sg13g2_nor2b_1                 50
     sg13g2_nor3_1                 101
     sg13g2_nor3_2                   5
     sg13g2_nor4_1                  16
     sg13g2_nor4_2                   3
     sg13g2_o21ai_1                723
     sg13g2_or2_1                   19
     sg13g2_or3_1                    9
     sg13g2_xnor2_1                 29
     sg13g2_xor2_1                   9

=== dma$croc_chip.i_croc_soc.i_croc.i_dma ===

   Number of wires:               2800
   Number of wire bits:           3127
   Number of public wires:         356
   Number of public wire bits:     683
   Number of ports:                  9
   Number of port bits:            336
   Number of memories:               0
   Number of memory bits:            0
   Number of processes:              0
   Number of cells:               2507
     $scopeinfo                      2
     sg13g2_a21o_1                  26
     sg13g2_a21oi_1                209
     sg13g2_a21oi_2                  2
     sg13g2_a221oi_1                35
     sg13g2_a22oi_1                121
     sg13g2_and2_1                  42
     sg13g2_and2_2                   1
     sg13g2_and3_1                  18
     sg13g2_and4_1                   6
     sg13g2_buf_1                  120
     sg13g2_dfrbp_1                423
     sg13g2_inv_1                   75
     sg13g2_mux2_1                 246
     sg13g2_mux4_1                  33
     sg13g2_nand2_1                264
     sg13g2_nand2_2                  1
     sg13g2_nand2b_1                26
     sg13g2_nand3_1                 61
     sg13g2_nand3b_1                 9
     sg13g2_nand4_1                 20
     sg13g2_nor2_1                 229
     sg13g2_nor2b_1                 34
     sg13g2_nor3_1                  75
     sg13g2_nor3_2                   1
     sg13g2_nor4_1                  19
     sg13g2_nor4_2                   2
     sg13g2_o21ai_1                188
     sg13g2_or2_1                   24
     sg13g2_or3_1                    7
     sg13g2_or4_1                    3
     sg13g2_xnor2_1                 99
     sg13g2_xor2_1                  86

=== dmi_jtag$croc_chip.i_croc_soc.i_croc.i_dmi_jtag ===

   Number of wires:               1338
   Number of wire bits:           1411
   Number of public wires:         333
   Number of public wire bits:     406
   Number of ports:                 16
   Number of port bits:             89
   Number of memories:               0
   Number of memory bits:            0
   Number of processes:              0
   Number of cells:               1124
     $scopeinfo                      2
     cdc_2phase_clearable$croc_chip.i_croc_soc.i_croc.i_dmi_jtag.i_dmi_cdc.i_cdc_req      1
     cdc_2phase_clearable$croc_chip.i_croc_soc.i_croc.i_dmi_jtag.i_dmi_cdc.i_cdc_resp      1
     sg13g2_a21o_1                   5
     sg13g2_a21oi_1                 78
     sg13g2_a21oi_2                  2
     sg13g2_a221oi_1                 3
     sg13g2_a22oi_1                 55
     sg13g2_and2_1                  13
     sg13g2_and3_1                  42
     sg13g2_and4_1                   1
     sg13g2_buf_1                   66
     sg13g2_buf_16                   1
     sg13g2_buf_2                   10
     sg13g2_buf_8                    2
     sg13g2_dfrbp_1                168
     sg13g2_inv_1                   41
     sg13g2_mux2_1                   4
     sg13g2_nand2_1                139
     sg13g2_nand2b_1                84
     sg13g2_nand3_1                 50
     sg13g2_nand3b_1                 2
     sg13g2_nand4_1                  1
     sg13g2_nor2_1                 148
     sg13g2_nor2b_1                 12
     sg13g2_nor3_1                  41
     sg13g2_nor3_2                   2
     sg13g2_nor4_1                   5
     sg13g2_nor4_2                   3
     sg13g2_o21ai_1                120
     sg13g2_or2_1                    8
     sg13g2_or3_1                   10
     sg13g2_or4_1                    2
     tc_clk_inverter$croc_chip.i_croc_soc.i_croc.i_dmi_jtag.i_dmi_jtag_tap.i_tck_inv      1
     tc_clk_mux2$croc_chip.i_croc_soc.i_croc.i_dmi_jtag.i_dmi_jtag_tap.i_dft_tck_mux      1

=== gpio$croc_chip.i_croc_soc.i_croc.i_gpio ===

   Number of wires:               1480
   Number of wire bits:           1717
   Number of public wires:         541
   Number of public wire bits:     778
   Number of ports:                  9
   Number of port bits:            246
   Number of memories:               0
   Number of memory bits:            0
   Number of processes:              0
   Number of cells:               1267
     $scopeinfo                      1
     sg13g2_a21o_1                  82
     sg13g2_a21oi_1                 41
     sg13g2_a221oi_1                50
     sg13g2_a22oi_1                 61
     sg13g2_and2_1                  14
     sg13g2_and3_1                  32
     sg13g2_buf_1                   45
     sg13g2_dfrbp_1                270
     sg13g2_inv_1                   75
     sg13g2_mux2_1                 128
     sg13g2_nand2_1                131
     sg13g2_nand2_2                 16
     sg13g2_nand2b_1                33
     sg13g2_nand3_1                 34
     sg13g2_nand3b_1                 3
     sg13g2_nand4_1                 49
     sg13g2_nor2_1                  37
     sg13g2_nor2b_1                 18
     sg13g2_nor3_1                   8
     sg13g2_nor4_1                  48
     sg13g2_nor4_2                   4
     sg13g2_o21ai_1                 52
     sg13g2_or2_1                    1
     sg13g2_or3_1                    2
     sync$croc_chip.i_croc_soc.i_croc.i_gpio.gen_gpios[0].i_sync      1
     sync$croc_chip.i_croc_soc.i_croc.i_gpio.gen_gpios[10].i_sync      1
     sync$croc_chip.i_croc_soc.i_croc.i_gpio.gen_gpios[11].i_sync      1
     sync$croc_chip.i_croc_soc.i_croc.i_gpio.gen_gpios[12].i_sync      1
     sync$croc_chip.i_croc_soc.i_croc.i_gpio.gen_gpios[13].i_sync      1
     sync$croc_chip.i_croc_soc.i_croc.i_gpio.gen_gpios[14].i_sync      1
     sync$croc_chip.i_croc_soc.i_croc.i_gpio.gen_gpios[15].i_sync      1
     sync$croc_chip.i_croc_soc.i_croc.i_gpio.gen_gpios[16].i_sync      1
     sync$croc_chip.i_croc_soc.i_croc.i_gpio.gen_gpios[17].i_sync      1
     sync$croc_chip.i_croc_soc.i_croc.i_gpio.gen_gpios[18].i_sync      1
     sync$croc_chip.i_croc_soc.i_croc.i_gpio.gen_gpios[19].i_sync      1
     sync$croc_chip.i_croc_soc.i_croc.i_gpio.gen_gpios[1].i_sync      1
     sync$croc_chip.i_croc_soc.i_croc.i_gpio.gen_gpios[20].i_sync      1
     sync$croc_chip.i_croc_soc.i_croc.i_gpio.gen_gpios[21].i_sync      1
     sync$croc_chip.i_croc_soc.i_croc.i_gpio.gen_gpios[22].i_sync      1
     sync$croc_chip.i_croc_soc.i_croc.i_gpio.gen_gpios[23].i_sync      1
     sync$croc_chip.i_croc_soc.i_croc.i_gpio.gen_gpios[24].i_sync      1
     sync$croc_chip.i_croc_soc.i_croc.i_gpio.gen_gpios[25].i_sync      1
     sync$croc_chip.i_croc_soc.i_croc.i_gpio.gen_gpios[26].i_sync      1
     sync$croc_chip.i_croc_soc.i_croc.i_gpio.gen_gpios[27].i_sync      1
     sync$croc_chip.i_croc_soc.i_croc.i_gpio.gen_gpios[28].i_sync      1
     sync$croc_chip.i_croc_soc.i_croc.i_gpio.gen_gpios[29].i_sync      1
     sync$croc_chip.i_croc_soc.i_croc.i_gpio.gen_gpios[2].i_sync      1
     sync$croc_chip.i_croc_soc.i_croc.i_gpio.gen_gpios[30].i_sync      1
     sync$croc_chip.i_croc_soc.i_croc.i_gpio.gen_gpios[31].i_sync      1
     sync$croc_chip.i_croc_soc.i_croc.i_gpio.gen_gpios[3].i_sync      1
     sync$croc_chip.i_croc_soc.i_croc.i_gpio.gen_gpios[4].i_sync      1
     sync$croc_chip.i_croc_soc.i_croc.i_gpio.gen_gpios[5].i_sync      1
     sync$croc_chip.i_croc_soc.i_croc.i_gpio.gen_gpios[6].i_sync      1
     sync$croc_chip.i_croc_soc.i_croc.i_gpio.gen_gpios[7].i_sync      1
     sync$croc_chip.i_croc_soc.i_croc.i_gpio.gen_gpios[8].i_sync      1
     sync$croc_chip.i_croc_soc.i_croc.i_gpio.gen_gpios[9].i_sync      1

=== soc_ctrl_reg_top$croc_chip.i_croc_soc.i_croc.i_soc_ctrl ===

   Number of wires:                226
   Number of wire bits:            397
   Number of public wires:          11
   Number of public wire bits:     182
   Number of ports:                  7
   Number of port bits:            178
   Number of memories:               0
   Number of memory bits:            0
   Number of processes:              0
   Number of cells:                258
     $scopeinfo                     10
     sg13g2_a21o_1                   1
     sg13g2_a21oi_1                  1
     sg13g2_a221oi_1                32
     sg13g2_a22oi_1                  1
     sg13g2_and2_1                   1
     sg13g2_buf_1                    9
     sg13g2_buf_8                    6
     sg13g2_dfrbp_1                 67
     sg13g2_inv_1                   35
     sg13g2_mux2_1                  71
     sg13g2_nand2_1                  1
     sg13g2_nand2b_1                 2
     sg13g2_nand3_1                  2
     sg13g2_nand4_1                  1
     sg13g2_nor2_1                   6
     sg13g2_nor2b_1                  1
     sg13g2_nor3_1                   1
     sg13g2_nor3_2                   1
     sg13g2_nor4_1                   2
     sg13g2_nor4_2                   1
     sg13g2_o21ai_1                  1
     sg13g2_or2_1                    3
     sg13g2_or3_1                    1
     sg13g2_or4_1                    1

=== spi$croc_chip.i_croc_soc.i_croc.i_spi ===

   Number of wires:               2107
   Number of wire bits:           2220
   Number of public wires:         520
   Number of public wire bits:     633
   Number of ports:                  8
   Number of port bits:            121
   Number of memories:               0
   Number of memory bits:            0
   Number of processes:              0
   Number of cells:               1674
     $_ALDFF_PN_                     1
     $scopeinfo                      3
     sg13g2_a21o_1                   5
     sg13g2_a21oi_1                 56
     sg13g2_a221oi_1                 9
     sg13g2_a22oi_1                 35
     sg13g2_and2_1                  10
     sg13g2_and3_1                   1
     sg13g2_and4_1                   4
     sg13g2_buf_1                   76
     sg13g2_buf_2                    9
     sg13g2_dfrbp_1                440
     sg13g2_inv_1                   60
     sg13g2_mux2_1                 238
     sg13g2_mux4_1                  73
     sg13g2_nand2_1                178
     sg13g2_nand2b_1                36
     sg13g2_nand3_1                 39
     sg13g2_nand3b_1                 4
     sg13g2_nand4_1                 24
     sg13g2_nor2_1                  82
     sg13g2_nor2_2                   4
     sg13g2_nor2b_1                  6
     sg13g2_nor2b_2                  1
     sg13g2_nor3_1                  25
     sg13g2_nor3_2                   1
     sg13g2_nor4_1                  17
     sg13g2_nor4_2                   1
     sg13g2_o21ai_1                165
     sg13g2_or2_1                   21
     sg13g2_or2_2                    1
     sg13g2_or3_1                    4
     sg13g2_or4_1                    4
     sg13g2_xnor2_1                 28
     sg13g2_xor2_1                  13

=== sync$croc_chip.i_croc_soc.i_croc.i_dmi_jtag.i_dmi_cdc.i_cdc_req.i_cdc_reset_ctrlr.i_cdc_reset_ctrlr_half_a.i_state_transition_cdc_dst.i_sync ===

   Number of wires:                  8
   Number of wire bits:              8
   Number of public wires:           6
   Number of public wire bits:       6
   Number of ports:                  4
   Number of port bits:              4
   Number of memories:               0
   Number of memory bits:            0
   Number of processes:              0
   Number of cells:                  2
     sg13g2_dfrbp_1                  2

=== sync$croc_chip.i_croc_soc.i_croc.i_dmi_jtag.i_dmi_cdc.i_cdc_req.i_cdc_reset_ctrlr.i_cdc_reset_ctrlr_half_a.i_state_transition_cdc_src.i_sync ===

   Number of wires:                  8
   Number of wire bits:              8
   Number of public wires:           6
   Number of public wire bits:       6
   Number of ports:                  4
   Number of port bits:              4
   Number of memories:               0
   Number of memory bits:            0
   Number of processes:              0
   Number of cells:                  2
     sg13g2_dfrbp_1                  2

=== sync$croc_chip.i_croc_soc.i_croc.i_dmi_jtag.i_dmi_cdc.i_cdc_req.i_cdc_reset_ctrlr.i_cdc_reset_ctrlr_half_b.i_state_transition_cdc_dst.i_sync ===

   Number of wires:                  8
   Number of wire bits:              8
   Number of public wires:           6
   Number of public wire bits:       6
   Number of ports:                  4
   Number of port bits:              4
   Number of memories:               0
   Number of memory bits:            0
   Number of processes:              0
   Number of cells:                  2
     sg13g2_dfrbp_1                  2

=== sync$croc_chip.i_croc_soc.i_croc.i_dmi_jtag.i_dmi_cdc.i_cdc_req.i_cdc_reset_ctrlr.i_cdc_reset_ctrlr_half_b.i_state_transition_cdc_src.i_sync ===

   Number of wires:                  8
   Number of wire bits:              8
   Number of public wires:           6
   Number of public wire bits:       6
   Number of ports:                  4
   Number of port bits:              4
   Number of memories:               0
   Number of memory bits:            0
   Number of processes:              0
   Number of cells:                  2
     sg13g2_dfrbp_1                  2

=== sync$croc_chip.i_croc_soc.i_croc.i_dmi_jtag.i_dmi_cdc.i_cdc_req.i_dst.i_sync ===

   Number of wires:                 10
   Number of wire bits:             10
   Number of public wires:           7
   Number of public wire bits:       7
   Number of ports:                  4
   Number of port bits:              4
   Number of memories:               0
   Number of memory bits:            0
   Number of processes:              0
   Number of cells:                  3
     sg13g2_dfrbp_1                  3

=== sync$croc_chip.i_croc_soc.i_croc.i_dmi_jtag.i_dmi_cdc.i_cdc_req.i_src.i_sync ===

   Number of wires:                 10
   Number of wire bits:             10
   Number of public wires:           7
   Number of public wire bits:       7
   Number of ports:                  4
   Number of port bits:              4
   Number of memories:               0
   Number of memory bits:            0
   Number of processes:              0
   Number of cells:                  3
     sg13g2_dfrbp_1                  3

=== sync$croc_chip.i_croc_soc.i_croc.i_dmi_jtag.i_dmi_cdc.i_cdc_resp.i_cdc_reset_ctrlr.i_cdc_reset_ctrlr_half_a.i_state_transition_cdc_dst.i_sync ===

   Number of wires:                  8
   Number of wire bits:              8
   Number of public wires:           6
   Number of public wire bits:       6
   Number of ports:                  4
   Number of port bits:              4
   Number of memories:               0
   Number of memory bits:            0
   Number of processes:              0
   Number of cells:                  2
     sg13g2_dfrbp_1                  2

=== sync$croc_chip.i_croc_soc.i_croc.i_dmi_jtag.i_dmi_cdc.i_cdc_resp.i_cdc_reset_ctrlr.i_cdc_reset_ctrlr_half_a.i_state_transition_cdc_src.i_sync ===

   Number of wires:                  8
   Number of wire bits:              8
   Number of public wires:           6
   Number of public wire bits:       6
   Number of ports:                  4
   Number of port bits:              4
   Number of memories:               0
   Number of memory bits:            0
   Number of processes:              0
   Number of cells:                  2
     sg13g2_dfrbp_1                  2

=== sync$croc_chip.i_croc_soc.i_croc.i_dmi_jtag.i_dmi_cdc.i_cdc_resp.i_cdc_reset_ctrlr.i_cdc_reset_ctrlr_half_b.i_state_transition_cdc_dst.i_sync ===

   Number of wires:                  8
   Number of wire bits:              8
   Number of public wires:           6
   Number of public wire bits:       6
   Number of ports:                  4
   Number of port bits:              4
   Number of memories:               0
   Number of memory bits:            0
   Number of processes:              0
   Number of cells:                  2
     sg13g2_dfrbp_1                  2

=== sync$croc_chip.i_croc_soc.i_croc.i_dmi_jtag.i_dmi_cdc.i_cdc_resp.i_cdc_reset_ctrlr.i_cdc_reset_ctrlr_half_b.i_state_transition_cdc_src.i_sync ===

   Number of wires:                  8
   Number of wire bits:              8
   Number of public wires:           6
   Number of public wire bits:       6
   Number of ports:                  4
   Number of port bits:              4
   Number of memories:               0
   Number of memory bits:            0
   Number of processes:              0
   Number of cells:                  2
     sg13g2_dfrbp_1                  2

=== sync$croc_chip.i_croc_soc.i_croc.i_dmi_jtag.i_dmi_cdc.i_cdc_resp.i_dst.i_sync ===

   Number of wires:                 10
   Number of wire bits:             10
   Number of public wires:           7
   Number of public wire bits:       7
   Number of ports:                  4
   Number of port bits:              4
   Number of memories:               0
   Number of memory bits:            0
   Number of processes:              0
   Number of cells:                  3
     sg13g2_dfrbp_1                  3

=== sync$croc_chip.i_croc_soc.i_croc.i_dmi_jtag.i_dmi_cdc.i_cdc_resp.i_src.i_sync ===

   Number of wires:                 10
   Number of wire bits:             10
   Number of public wires:           7
   Number of public wire bits:       7
   Number of ports:                  4
   Number of port bits:              4
   Number of memories:               0
   Number of memory bits:            0
   Number of processes:              0
   Number of cells:                  3
     sg13g2_dfrbp_1                  3

=== sync$croc_chip.i_croc_soc.i_croc.i_gpio.gen_gpios[0].i_sync ===

   Number of wires:                  8
   Number of wire bits:              8
   Number of public wires:           6
   Number of public wire bits:       6
   Number of ports:                  4
   Number of port bits:              4
   Number of memories:               0
   Number of memory bits:            0
   Number of processes:              0
   Number of cells:                  2
     sg13g2_dfrbp_1                  2

=== sync$croc_chip.i_croc_soc.i_croc.i_gpio.gen_gpios[10].i_sync ===

   Number of wires:                  8
   Number of wire bits:              8
   Number of public wires:           6
   Number of public wire bits:       6
   Number of ports:                  4
   Number of port bits:              4
   Number of memories:               0
   Number of memory bits:            0
   Number of processes:              0
   Number of cells:                  2
     sg13g2_dfrbp_1                  2

=== sync$croc_chip.i_croc_soc.i_croc.i_gpio.gen_gpios[11].i_sync ===

   Number of wires:                  8
   Number of wire bits:              8
   Number of public wires:           6
   Number of public wire bits:       6
   Number of ports:                  4
   Number of port bits:              4
   Number of memories:               0
   Number of memory bits:            0
   Number of processes:              0
   Number of cells:                  2
     sg13g2_dfrbp_1                  2

=== sync$croc_chip.i_croc_soc.i_croc.i_gpio.gen_gpios[12].i_sync ===

   Number of wires:                  8
   Number of wire bits:              8
   Number of public wires:           6
   Number of public wire bits:       6
   Number of ports:                  4
   Number of port bits:              4
   Number of memories:               0
   Number of memory bits:            0
   Number of processes:              0
   Number of cells:                  2
     sg13g2_dfrbp_1                  2

=== sync$croc_chip.i_croc_soc.i_croc.i_gpio.gen_gpios[13].i_sync ===

   Number of wires:                  8
   Number of wire bits:              8
   Number of public wires:           6
   Number of public wire bits:       6
   Number of ports:                  4
   Number of port bits:              4
   Number of memories:               0
   Number of memory bits:            0
   Number of processes:              0
   Number of cells:                  2
     sg13g2_dfrbp_1                  2

=== sync$croc_chip.i_croc_soc.i_croc.i_gpio.gen_gpios[14].i_sync ===

   Number of wires:                  8
   Number of wire bits:              8
   Number of public wires:           6
   Number of public wire bits:       6
   Number of ports:                  4
   Number of port bits:              4
   Number of memories:               0
   Number of memory bits:            0
   Number of processes:              0
   Number of cells:                  2
     sg13g2_dfrbp_1                  2

=== sync$croc_chip.i_croc_soc.i_croc.i_gpio.gen_gpios[15].i_sync ===

   Number of wires:                  8
   Number of wire bits:              8
   Number of public wires:           6
   Number of public wire bits:       6
   Number of ports:                  4
   Number of port bits:              4
   Number of memories:               0
   Number of memory bits:            0
   Number of processes:              0
   Number of cells:                  2
     sg13g2_dfrbp_1                  2

=== sync$croc_chip.i_croc_soc.i_croc.i_gpio.gen_gpios[16].i_sync ===

   Number of wires:                  8
   Number of wire bits:              8
   Number of public wires:           6
   Number of public wire bits:       6
   Number of ports:                  4
   Number of port bits:              4
   Number of memories:               0
   Number of memory bits:            0
   Number of processes:              0
   Number of cells:                  2
     sg13g2_dfrbp_1                  2

=== sync$croc_chip.i_croc_soc.i_croc.i_gpio.gen_gpios[17].i_sync ===

   Number of wires:                  8
   Number of wire bits:              8
   Number of public wires:           6
   Number of public wire bits:       6
   Number of ports:                  4
   Number of port bits:              4
   Number of memories:               0
   Number of memory bits:            0
   Number of processes:              0
   Number of cells:                  2
     sg13g2_dfrbp_1                  2

=== sync$croc_chip.i_croc_soc.i_croc.i_gpio.gen_gpios[18].i_sync ===

   Number of wires:                  8
   Number of wire bits:              8
   Number of public wires:           6
   Number of public wire bits:       6
   Number of ports:                  4
   Number of port bits:              4
   Number of memories:               0
   Number of memory bits:            0
   Number of processes:              0
   Number of cells:                  2
     sg13g2_dfrbp_1                  2

=== sync$croc_chip.i_croc_soc.i_croc.i_gpio.gen_gpios[19].i_sync ===

   Number of wires:                  8
   Number of wire bits:              8
   Number of public wires:           6
   Number of public wire bits:       6
   Number of ports:                  4
   Number of port bits:              4
   Number of memories:               0
   Number of memory bits:            0
   Number of processes:              0
   Number of cells:                  2
     sg13g2_dfrbp_1                  2

=== sync$croc_chip.i_croc_soc.i_croc.i_gpio.gen_gpios[1].i_sync ===

   Number of wires:                  8
   Number of wire bits:              8
   Number of public wires:           6
   Number of public wire bits:       6
   Number of ports:                  4
   Number of port bits:              4
   Number of memories:               0
   Number of memory bits:            0
   Number of processes:              0
   Number of cells:                  2
     sg13g2_dfrbp_1                  2

=== sync$croc_chip.i_croc_soc.i_croc.i_gpio.gen_gpios[20].i_sync ===

   Number of wires:                  8
   Number of wire bits:              8
   Number of public wires:           6
   Number of public wire bits:       6
   Number of ports:                  4
   Number of port bits:              4
   Number of memories:               0
   Number of memory bits:            0
   Number of processes:              0
   Number of cells:                  2
     sg13g2_dfrbp_1                  2

=== sync$croc_chip.i_croc_soc.i_croc.i_gpio.gen_gpios[21].i_sync ===

   Number of wires:                  8
   Number of wire bits:              8
   Number of public wires:           6
   Number of public wire bits:       6
   Number of ports:                  4
   Number of port bits:              4
   Number of memories:               0
   Number of memory bits:            0
   Number of processes:              0
   Number of cells:                  2
     sg13g2_dfrbp_1                  2

=== sync$croc_chip.i_croc_soc.i_croc.i_gpio.gen_gpios[22].i_sync ===

   Number of wires:                  8
   Number of wire bits:              8
   Number of public wires:           6
   Number of public wire bits:       6
   Number of ports:                  4
   Number of port bits:              4
   Number of memories:               0
   Number of memory bits:            0
   Number of processes:              0
   Number of cells:                  2
     sg13g2_dfrbp_1                  2

=== sync$croc_chip.i_croc_soc.i_croc.i_gpio.gen_gpios[23].i_sync ===

   Number of wires:                  8
   Number of wire bits:              8
   Number of public wires:           6
   Number of public wire bits:       6
   Number of ports:                  4
   Number of port bits:              4
   Number of memories:               0
   Number of memory bits:            0
   Number of processes:              0
   Number of cells:                  2
     sg13g2_dfrbp_1                  2

=== sync$croc_chip.i_croc_soc.i_croc.i_gpio.gen_gpios[24].i_sync ===

   Number of wires:                  8
   Number of wire bits:              8
   Number of public wires:           6
   Number of public wire bits:       6
   Number of ports:                  4
   Number of port bits:              4
   Number of memories:               0
   Number of memory bits:            0
   Number of processes:              0
   Number of cells:                  2
     sg13g2_dfrbp_1                  2

=== sync$croc_chip.i_croc_soc.i_croc.i_gpio.gen_gpios[25].i_sync ===

   Number of wires:                  8
   Number of wire bits:              8
   Number of public wires:           6
   Number of public wire bits:       6
   Number of ports:                  4
   Number of port bits:              4
   Number of memories:               0
   Number of memory bits:            0
   Number of processes:              0
   Number of cells:                  2
     sg13g2_dfrbp_1                  2

=== sync$croc_chip.i_croc_soc.i_croc.i_gpio.gen_gpios[26].i_sync ===

   Number of wires:                  8
   Number of wire bits:              8
   Number of public wires:           6
   Number of public wire bits:       6
   Number of ports:                  4
   Number of port bits:              4
   Number of memories:               0
   Number of memory bits:            0
   Number of processes:              0
   Number of cells:                  2
     sg13g2_dfrbp_1                  2

=== sync$croc_chip.i_croc_soc.i_croc.i_gpio.gen_gpios[27].i_sync ===

   Number of wires:                  8
   Number of wire bits:              8
   Number of public wires:           6
   Number of public wire bits:       6
   Number of ports:                  4
   Number of port bits:              4
   Number of memories:               0
   Number of memory bits:            0
   Number of processes:              0
   Number of cells:                  2
     sg13g2_dfrbp_1                  2

=== sync$croc_chip.i_croc_soc.i_croc.i_gpio.gen_gpios[28].i_sync ===

   Number of wires:                  8
   Number of wire bits:              8
   Number of public wires:           6
   Number of public wire bits:       6
   Number of ports:                  4
   Number of port bits:              4
   Number of memories:               0
   Number of memory bits:            0
   Number of processes:              0
   Number of cells:                  2
     sg13g2_dfrbp_1                  2

=== sync$croc_chip.i_croc_soc.i_croc.i_gpio.gen_gpios[29].i_sync ===

   Number of wires:                  8
   Number of wire bits:              8
   Number of public wires:           6
   Number of public wire bits:       6
   Number of ports:                  4
   Number of port bits:              4
   Number of memories:               0
   Number of memory bits:            0
   Number of processes:              0
   Number of cells:                  2
     sg13g2_dfrbp_1                  2

=== sync$croc_chip.i_croc_soc.i_croc.i_gpio.gen_gpios[2].i_sync ===

   Number of wires:                  8
   Number of wire bits:              8
   Number of public wires:           6
   Number of public wire bits:       6
   Number of ports:                  4
   Number of port bits:              4
   Number of memories:               0
   Number of memory bits:            0
   Number of processes:              0
   Number of cells:                  2
     sg13g2_dfrbp_1                  2

=== sync$croc_chip.i_croc_soc.i_croc.i_gpio.gen_gpios[30].i_sync ===

   Number of wires:                  8
   Number of wire bits:              8
   Number of public wires:           6
   Number of public wire bits:       6
   Number of ports:                  4
   Number of port bits:              4
   Number of memories:               0
   Number of memory bits:            0
   Number of processes:              0
   Number of cells:                  2
     sg13g2_dfrbp_1                  2

=== sync$croc_chip.i_croc_soc.i_croc.i_gpio.gen_gpios[31].i_sync ===

   Number of wires:                  8
   Number of wire bits:              8
   Number of public wires:           6
   Number of public wire bits:       6
   Number of ports:                  4
   Number of port bits:              4
   Number of memories:               0
   Number of memory bits:            0
   Number of processes:              0
   Number of cells:                  2
     sg13g2_dfrbp_1                  2

=== sync$croc_chip.i_croc_soc.i_croc.i_gpio.gen_gpios[3].i_sync ===

   Number of wires:                  8
   Number of wire bits:              8
   Number of public wires:           6
   Number of public wire bits:       6
   Number of ports:                  4
   Number of port bits:              4
   Number of memories:               0
   Number of memory bits:            0
   Number of processes:              0
   Number of cells:                  2
     sg13g2_dfrbp_1                  2

=== sync$croc_chip.i_croc_soc.i_croc.i_gpio.gen_gpios[4].i_sync ===

   Number of wires:                  8
   Number of wire bits:              8
   Number of public wires:           6
   Number of public wire bits:       6
   Number of ports:                  4
   Number of port bits:              4
   Number of memories:               0
   Number of memory bits:            0
   Number of processes:              0
   Number of cells:                  2
     sg13g2_dfrbp_1                  2

=== sync$croc_chip.i_croc_soc.i_croc.i_gpio.gen_gpios[5].i_sync ===

   Number of wires:                  8
   Number of wire bits:              8
   Number of public wires:           6
   Number of public wire bits:       6
   Number of ports:                  4
   Number of port bits:              4
   Number of memories:               0
   Number of memory bits:            0
   Number of processes:              0
   Number of cells:                  2
     sg13g2_dfrbp_1                  2

=== sync$croc_chip.i_croc_soc.i_croc.i_gpio.gen_gpios[6].i_sync ===

   Number of wires:                  8
   Number of wire bits:              8
   Number of public wires:           6
   Number of public wire bits:       6
   Number of ports:                  4
   Number of port bits:              4
   Number of memories:               0
   Number of memory bits:            0
   Number of processes:              0
   Number of cells:                  2
     sg13g2_dfrbp_1                  2

=== sync$croc_chip.i_croc_soc.i_croc.i_gpio.gen_gpios[7].i_sync ===

   Number of wires:                  8
   Number of wire bits:              8
   Number of public wires:           6
   Number of public wire bits:       6
   Number of ports:                  4
   Number of port bits:              4
   Number of memories:               0
   Number of memory bits:            0
   Number of processes:              0
   Number of cells:                  2
     sg13g2_dfrbp_1                  2

=== sync$croc_chip.i_croc_soc.i_croc.i_gpio.gen_gpios[8].i_sync ===

   Number of wires:                  8
   Number of wire bits:              8
   Number of public wires:           6
   Number of public wire bits:       6
   Number of ports:                  4
   Number of port bits:              4
   Number of memories:               0
   Number of memory bits:            0
   Number of processes:              0
   Number of cells:                  2
     sg13g2_dfrbp_1                  2

=== sync$croc_chip.i_croc_soc.i_croc.i_gpio.gen_gpios[9].i_sync ===

   Number of wires:                  8
   Number of wire bits:              8
   Number of public wires:           6
   Number of public wire bits:       6
   Number of ports:                  4
   Number of port bits:              4
   Number of memories:               0
   Number of memory bits:            0
   Number of processes:              0
   Number of cells:                  2
     sg13g2_dfrbp_1                  2

=== sync$croc_chip.i_croc_soc.i_croc.i_uart.i_uart_modem.i_sync_cd ===

   Number of wires:                  8
   Number of wire bits:              8
   Number of public wires:           6
   Number of public wire bits:       6
   Number of ports:                  4
   Number of port bits:              4
   Number of memories:               0
   Number of memory bits:            0
   Number of processes:              0
   Number of cells:                  2
     sg13g2_dfrbp_1                  2

=== sync$croc_chip.i_croc_soc.i_croc.i_uart.i_uart_modem.i_sync_cts ===

   Number of wires:                  8
   Number of wire bits:              8
   Number of public wires:           6
   Number of public wire bits:       6
   Number of ports:                  4
   Number of port bits:              4
   Number of memories:               0
   Number of memory bits:            0
   Number of processes:              0
   Number of cells:                  2
     sg13g2_dfrbp_1                  2

=== sync$croc_chip.i_croc_soc.i_croc.i_uart.i_uart_modem.i_sync_dsr ===

   Number of wires:                  8
   Number of wire bits:              8
   Number of public wires:           6
   Number of public wire bits:       6
   Number of ports:                  4
   Number of port bits:              4
   Number of memories:               0
   Number of memory bits:            0
   Number of processes:              0
   Number of cells:                  2
     sg13g2_dfrbp_1                  2

=== sync$croc_chip.i_croc_soc.i_croc.i_uart.i_uart_modem.i_sync_ri ===

   Number of wires:                  8
   Number of wire bits:              8
   Number of public wires:           6
   Number of public wire bits:       6
   Number of ports:                  4
   Number of port bits:              4
   Number of memories:               0
   Number of memory bits:            0
   Number of processes:              0
   Number of cells:                  2
     sg13g2_dfrbp_1                  2

=== sync$croc_chip.i_croc_soc.i_croc.i_uart.i_uart_rx.i_sync ===

   Number of wires:                  8
   Number of wire bits:              8
   Number of public wires:           6
   Number of public wire bits:       6
   Number of ports:                  4
   Number of port bits:              4
   Number of memories:               0
   Number of memory bits:            0
   Number of processes:              0
   Number of cells:                  2
     sg13g2_dfrbp_1                  2

=== sync$croc_chip.i_croc_soc.i_ext_intr_sync ===

   Number of wires:                  8
   Number of wire bits:              8
   Number of public wires:           6
   Number of public wire bits:       6
   Number of ports:                  4
   Number of port bits:              4
   Number of memories:               0
   Number of memory bits:            0
   Number of processes:              0
   Number of cells:                  2
     sg13g2_dfrbp_1                  2

=== tc_clk_inverter$croc_chip.i_croc_soc.i_croc.i_dmi_jtag.i_dmi_jtag_tap.i_tck_inv ===

   Number of wires:                  2
   Number of wire bits:              2
   Number of public wires:           2
   Number of public wire bits:       2
   Number of ports:                  2
   Number of port bits:              2
   Number of memories:               0
   Number of memory bits:            0
   Number of processes:              0
   Number of cells:                  1
     sg13g2_inv_1                    1

=== tc_clk_mux2$croc_chip.i_croc_soc.i_croc.i_dmi_jtag.i_dmi_jtag_tap.i_dft_tck_mux ===

   Number of wires:                  4
   Number of wire bits:              4
   Number of public wires:           4
   Number of public wire bits:       4
   Number of ports:                  4
   Number of port bits:              4
   Number of memories:               0
   Number of memory bits:            0
   Number of processes:              0
   Number of cells:                  1
     sg13g2_mux2_1                   1

=== tc_clk_mux2$croc_chip.i_croc_soc.i_rstgen.i_rstgen_bypass.i_tc_clk_mux2_init_no ===

   Number of wires:                  4
   Number of wire bits:              4
   Number of public wires:           4
   Number of public wire bits:       4
   Number of ports:                  4
   Number of port bits:              4
   Number of memories:               0
   Number of memory bits:            0
   Number of processes:              0
   Number of cells:                  1
     sg13g2_mux2_1                   1

=== tc_clk_mux2$croc_chip.i_croc_soc.i_rstgen.i_rstgen_bypass.i_tc_clk_mux2_rst_n ===

   Number of wires:                  4
   Number of wire bits:              4
   Number of public wires:           4
   Number of public wire bits:       4
   Number of ports:                  4
   Number of port bits:              4
   Number of memories:               0
   Number of memory bits:            0
   Number of processes:              0
   Number of cells:                  1
     sg13g2_mux2_1                   1

=== tc_clk_mux2$croc_chip.i_croc_soc.i_rstgen.i_rstgen_bypass.i_tc_clk_mux2_rst_no ===

   Number of wires:                  4
   Number of wire bits:              4
   Number of public wires:           4
   Number of public wire bits:       4
   Number of ports:                  4
   Number of port bits:              4
   Number of memories:               0
   Number of memory bits:            0
   Number of processes:              0
   Number of cells:                  1
     sg13g2_mux2_1                   1

=== tc_sram_impl$croc_chip.i_croc_soc.i_croc.gen_sram_bank[0].i_sram ===

   Number of wires:                 90
   Number of wire bits:            163
   Number of public wires:          84
   Number of public wire bits:     157
   Number of ports:                 10
   Number of port bits:             83
   Number of memories:               0
   Number of memory bits:            0
   Number of processes:              0
   Number of cells:                 48
     RM_IHPSG13_1P_256x64_c2_bm_bist      1
     sg13g2_and2_1                   4
     sg13g2_buf_16                   3
     sg13g2_dfrbp_1                  1
     sg13g2_inv_1                    1
     sg13g2_mux2_1                  33
     sg13g2_nor2b_1                  5

=== tc_sram_impl$croc_chip.i_croc_soc.i_croc.gen_sram_bank[1].i_sram ===

   Number of wires:                 90
   Number of wire bits:            163
   Number of public wires:          84
   Number of public wire bits:     157
   Number of ports:                 10
   Number of port bits:             83
   Number of memories:               0
   Number of memory bits:            0
   Number of processes:              0
   Number of cells:                 48
     RM_IHPSG13_1P_256x64_c2_bm_bist      1
     sg13g2_and2_1                   4
     sg13g2_buf_16                   3
     sg13g2_dfrbp_1                  1
     sg13g2_inv_1                    1
     sg13g2_mux2_1                  33
     sg13g2_nor2b_1                  5

=== timer_unit$croc_chip.i_croc_soc.i_croc.i_timer ===

   Number of wires:               1911
   Number of wire bits:           2013
   Number of public wires:         473
   Number of public wire bits:     575
   Number of ports:                 19
   Number of port bits:            121
   Number of memories:               0
   Number of memory bits:            0
   Number of processes:              0
   Number of cells:               1660
     $scopeinfo                      4
     sg13g2_a21o_1                   6
     sg13g2_a21oi_1                 45
     sg13g2_a221oi_1                 7
     sg13g2_a22oi_1                108
     sg13g2_and2_1                  19
     sg13g2_and2_2                   2
     sg13g2_and3_1                  25
     sg13g2_and4_1                  11
     sg13g2_buf_1                   75
     sg13g2_buf_2                    1
     sg13g2_dfrbp_1                276
     sg13g2_inv_1                   51
     sg13g2_mux2_1                 120
     sg13g2_nand2_1                 83
     sg13g2_nand2b_1                 8
     sg13g2_nand3_1                 90
     sg13g2_nand3b_1                12
     sg13g2_nand4_1                 29
     sg13g2_nor2_1                 197
     sg13g2_nor2b_1                 44
     sg13g2_nor3_1                 101
     sg13g2_nor4_1                  46
     sg13g2_nor4_2                   4
     sg13g2_o21ai_1                 71
     sg13g2_or2_1                    7
     sg13g2_or3_1                    8
     sg13g2_or3_2                    1
     sg13g2_or4_1                    7
     sg13g2_xnor2_1                121
     sg13g2_xor2_1                  81

=== user_domain$croc_chip.i_croc_soc.i_user ===

   Number of wires:                123
   Number of wire bits:            377
   Number of public wires:          43
   Number of public wire bits:     297
   Number of ports:                 10
   Number of port bits:            264
   Number of memories:               0
   Number of memory bits:            0
   Number of processes:              0
   Number of cells:                120
     $scopeinfo                      7
     sg13g2_a21oi_1                  3
     sg13g2_a221oi_1                 2
     sg13g2_and2_1                  13
     sg13g2_and2_2                   1
     sg13g2_and3_1                   1
     sg13g2_and4_1                   1
     sg13g2_buf_1                    1
     sg13g2_dfrbp_1                 18
     sg13g2_inv_1                    7
     sg13g2_mux2_1                  11
     sg13g2_nand2_1                 10
     sg13g2_nand2b_1                 7
     sg13g2_nand4_1                  1
     sg13g2_nor2_1                   8
     sg13g2_nor2b_1                  4
     sg13g2_nor2b_2                  1
     sg13g2_nor3_1                   4
     sg13g2_nor3_2                   1
     sg13g2_nor4_1                   3
     sg13g2_nor4_2                   2
     sg13g2_o21ai_1                 11
     sg13g2_or2_1                    2
     sg13g2_xnor2_1                  1

=== design hierarchy ===

   croc_chip                         1
     croc_soc$croc_chip.i_croc_soc      1
       croc_domain$croc_chip.i_croc_soc.i_croc      1
         core_wrap$croc_chip.i_croc_soc.i_croc.i_core_wrap      1
           cve2_cs_registers$croc_chip.i_croc_soc.i_croc.i_core_wrap.i_ibex.cs_registers_i      1
           cve2_register_file_ff$croc_chip.i_croc_soc.i_croc.i_core_wrap.i_ibex.register_file_i      1
         dm_top$croc_chip.i_croc_soc.i_croc.i_dm_top.i_dm_top      1
         dma$croc_chip.i_croc_soc.i_croc.i_dma      1
         dmi_jtag$croc_chip.i_croc_soc.i_croc.i_dmi_jtag      1
           cdc_2phase_clearable$croc_chip.i_croc_soc.i_croc.i_dmi_jtag.i_dmi_cdc.i_cdc_req      1
             cdc_2phase_dst_clearable$croc_chip.i_croc_soc.i_croc.i_dmi_jtag.i_dmi_cdc.i_cdc_req.i_dst      1
               sync$croc_chip.i_croc_soc.i_croc.i_dmi_jtag.i_dmi_cdc.i_cdc_req.i_dst.i_sync      1
             cdc_2phase_src_clearable$croc_chip.i_croc_soc.i_croc.i_dmi_jtag.i_dmi_cdc.i_cdc_req.i_src      1
               sync$croc_chip.i_croc_soc.i_croc.i_dmi_jtag.i_dmi_cdc.i_cdc_req.i_src.i_sync      1
             cdc_reset_ctrlr$croc_chip.i_croc_soc.i_croc.i_dmi_jtag.i_dmi_cdc.i_cdc_req.i_cdc_reset_ctrlr      1
               cdc_reset_ctrlr_half$croc_chip.i_croc_soc.i_croc.i_dmi_jtag.i_dmi_cdc.i_cdc_req.i_cdc_reset_ctrlr.i_cdc_reset_ctrlr_half_a      1
                 cdc_4phase_dst$croc_chip.i_croc_soc.i_croc.i_dmi_jtag.i_dmi_cdc.i_cdc_req.i_cdc_reset_ctrlr.i_cdc_reset_ctrlr_half_a.i_state_transition_cdc_dst      1
                   sync$croc_chip.i_croc_soc.i_croc.i_dmi_jtag.i_dmi_cdc.i_cdc_req.i_cdc_reset_ctrlr.i_cdc_reset_ctrlr_half_a.i_state_transition_cdc_dst.i_sync      1
                 cdc_4phase_src$croc_chip.i_croc_soc.i_croc.i_dmi_jtag.i_dmi_cdc.i_cdc_req.i_cdc_reset_ctrlr.i_cdc_reset_ctrlr_half_a.i_state_transition_cdc_src      1
                   sync$croc_chip.i_croc_soc.i_croc.i_dmi_jtag.i_dmi_cdc.i_cdc_req.i_cdc_reset_ctrlr.i_cdc_reset_ctrlr_half_a.i_state_transition_cdc_src.i_sync      1
               cdc_reset_ctrlr_half$croc_chip.i_croc_soc.i_croc.i_dmi_jtag.i_dmi_cdc.i_cdc_req.i_cdc_reset_ctrlr.i_cdc_reset_ctrlr_half_b      1
                 cdc_4phase_dst$croc_chip.i_croc_soc.i_croc.i_dmi_jtag.i_dmi_cdc.i_cdc_req.i_cdc_reset_ctrlr.i_cdc_reset_ctrlr_half_b.i_state_transition_cdc_dst      1
                   sync$croc_chip.i_croc_soc.i_croc.i_dmi_jtag.i_dmi_cdc.i_cdc_req.i_cdc_reset_ctrlr.i_cdc_reset_ctrlr_half_b.i_state_transition_cdc_dst.i_sync      1
                 cdc_4phase_src$croc_chip.i_croc_soc.i_croc.i_dmi_jtag.i_dmi_cdc.i_cdc_req.i_cdc_reset_ctrlr.i_cdc_reset_ctrlr_half_b.i_state_transition_cdc_src      1
                   sync$croc_chip.i_croc_soc.i_croc.i_dmi_jtag.i_dmi_cdc.i_cdc_req.i_cdc_reset_ctrlr.i_cdc_reset_ctrlr_half_b.i_state_transition_cdc_src.i_sync      1
           cdc_2phase_clearable$croc_chip.i_croc_soc.i_croc.i_dmi_jtag.i_dmi_cdc.i_cdc_resp      1
             cdc_2phase_dst_clearable$croc_chip.i_croc_soc.i_croc.i_dmi_jtag.i_dmi_cdc.i_cdc_resp.i_dst      1
               sync$croc_chip.i_croc_soc.i_croc.i_dmi_jtag.i_dmi_cdc.i_cdc_resp.i_dst.i_sync      1
             cdc_2phase_src_clearable$croc_chip.i_croc_soc.i_croc.i_dmi_jtag.i_dmi_cdc.i_cdc_resp.i_src      1
               sync$croc_chip.i_croc_soc.i_croc.i_dmi_jtag.i_dmi_cdc.i_cdc_resp.i_src.i_sync      1
             cdc_reset_ctrlr$croc_chip.i_croc_soc.i_croc.i_dmi_jtag.i_dmi_cdc.i_cdc_resp.i_cdc_reset_ctrlr      1
               cdc_reset_ctrlr_half$croc_chip.i_croc_soc.i_croc.i_dmi_jtag.i_dmi_cdc.i_cdc_resp.i_cdc_reset_ctrlr.i_cdc_reset_ctrlr_half_a      1
                 cdc_4phase_dst$croc_chip.i_croc_soc.i_croc.i_dmi_jtag.i_dmi_cdc.i_cdc_resp.i_cdc_reset_ctrlr.i_cdc_reset_ctrlr_half_a.i_state_transition_cdc_dst      1
                   sync$croc_chip.i_croc_soc.i_croc.i_dmi_jtag.i_dmi_cdc.i_cdc_resp.i_cdc_reset_ctrlr.i_cdc_reset_ctrlr_half_a.i_state_transition_cdc_dst.i_sync      1
                 cdc_4phase_src$croc_chip.i_croc_soc.i_croc.i_dmi_jtag.i_dmi_cdc.i_cdc_resp.i_cdc_reset_ctrlr.i_cdc_reset_ctrlr_half_a.i_state_transition_cdc_src      1
                   sync$croc_chip.i_croc_soc.i_croc.i_dmi_jtag.i_dmi_cdc.i_cdc_resp.i_cdc_reset_ctrlr.i_cdc_reset_ctrlr_half_a.i_state_transition_cdc_src.i_sync      1
               cdc_reset_ctrlr_half$croc_chip.i_croc_soc.i_croc.i_dmi_jtag.i_dmi_cdc.i_cdc_resp.i_cdc_reset_ctrlr.i_cdc_reset_ctrlr_half_b      1
                 cdc_4phase_dst$croc_chip.i_croc_soc.i_croc.i_dmi_jtag.i_dmi_cdc.i_cdc_resp.i_cdc_reset_ctrlr.i_cdc_reset_ctrlr_half_b.i_state_transition_cdc_dst      1
                   sync$croc_chip.i_croc_soc.i_croc.i_dmi_jtag.i_dmi_cdc.i_cdc_resp.i_cdc_reset_ctrlr.i_cdc_reset_ctrlr_half_b.i_state_transition_cdc_dst.i_sync      1
                 cdc_4phase_src$croc_chip.i_croc_soc.i_croc.i_dmi_jtag.i_dmi_cdc.i_cdc_resp.i_cdc_reset_ctrlr.i_cdc_reset_ctrlr_half_b.i_state_transition_cdc_src      1
                   sync$croc_chip.i_croc_soc.i_croc.i_dmi_jtag.i_dmi_cdc.i_cdc_resp.i_cdc_reset_ctrlr.i_cdc_reset_ctrlr_half_b.i_state_transition_cdc_src.i_sync      1
           tc_clk_inverter$croc_chip.i_croc_soc.i_croc.i_dmi_jtag.i_dmi_jtag_tap.i_tck_inv      1
           tc_clk_mux2$croc_chip.i_croc_soc.i_croc.i_dmi_jtag.i_dmi_jtag_tap.i_dft_tck_mux      1
         gpio$croc_chip.i_croc_soc.i_croc.i_gpio      1
           sync$croc_chip.i_croc_soc.i_croc.i_gpio.gen_gpios[0].i_sync      1
           sync$croc_chip.i_croc_soc.i_croc.i_gpio.gen_gpios[10].i_sync      1
           sync$croc_chip.i_croc_soc.i_croc.i_gpio.gen_gpios[11].i_sync      1
           sync$croc_chip.i_croc_soc.i_croc.i_gpio.gen_gpios[12].i_sync      1
           sync$croc_chip.i_croc_soc.i_croc.i_gpio.gen_gpios[13].i_sync      1
           sync$croc_chip.i_croc_soc.i_croc.i_gpio.gen_gpios[14].i_sync      1
           sync$croc_chip.i_croc_soc.i_croc.i_gpio.gen_gpios[15].i_sync      1
           sync$croc_chip.i_croc_soc.i_croc.i_gpio.gen_gpios[16].i_sync      1
           sync$croc_chip.i_croc_soc.i_croc.i_gpio.gen_gpios[17].i_sync      1
           sync$croc_chip.i_croc_soc.i_croc.i_gpio.gen_gpios[18].i_sync      1
           sync$croc_chip.i_croc_soc.i_croc.i_gpio.gen_gpios[19].i_sync      1
           sync$croc_chip.i_croc_soc.i_croc.i_gpio.gen_gpios[1].i_sync      1
           sync$croc_chip.i_croc_soc.i_croc.i_gpio.gen_gpios[20].i_sync      1
           sync$croc_chip.i_croc_soc.i_croc.i_gpio.gen_gpios[21].i_sync      1
           sync$croc_chip.i_croc_soc.i_croc.i_gpio.gen_gpios[22].i_sync      1
           sync$croc_chip.i_croc_soc.i_croc.i_gpio.gen_gpios[23].i_sync      1
           sync$croc_chip.i_croc_soc.i_croc.i_gpio.gen_gpios[24].i_sync      1
           sync$croc_chip.i_croc_soc.i_croc.i_gpio.gen_gpios[25].i_sync      1
           sync$croc_chip.i_croc_soc.i_croc.i_gpio.gen_gpios[26].i_sync      1
           sync$croc_chip.i_croc_soc.i_croc.i_gpio.gen_gpios[27].i_sync      1
           sync$croc_chip.i_croc_soc.i_croc.i_gpio.gen_gpios[28].i_sync      1
           sync$croc_chip.i_croc_soc.i_croc.i_gpio.gen_gpios[29].i_sync      1
           sync$croc_chip.i_croc_soc.i_croc.i_gpio.gen_gpios[2].i_sync      1
           sync$croc_chip.i_croc_soc.i_croc.i_gpio.gen_gpios[30].i_sync      1
           sync$croc_chip.i_croc_soc.i_croc.i_gpio.gen_gpios[31].i_sync      1
           sync$croc_chip.i_croc_soc.i_croc.i_gpio.gen_gpios[3].i_sync      1
           sync$croc_chip.i_croc_soc.i_croc.i_gpio.gen_gpios[4].i_sync      1
           sync$croc_chip.i_croc_soc.i_croc.i_gpio.gen_gpios[5].i_sync      1
           sync$croc_chip.i_croc_soc.i_croc.i_gpio.gen_gpios[6].i_sync      1
           sync$croc_chip.i_croc_soc.i_croc.i_gpio.gen_gpios[7].i_sync      1
           sync$croc_chip.i_croc_soc.i_croc.i_gpio.gen_gpios[8].i_sync      1
           sync$croc_chip.i_croc_soc.i_croc.i_gpio.gen_gpios[9].i_sync      1
         soc_ctrl_reg_top$croc_chip.i_croc_soc.i_croc.i_soc_ctrl      1
         spi$croc_chip.i_croc_soc.i_croc.i_spi      1
         sync$croc_chip.i_croc_soc.i_croc.i_uart.i_uart_modem.i_sync_cd      1
         sync$croc_chip.i_croc_soc.i_croc.i_uart.i_uart_modem.i_sync_cts      1
         sync$croc_chip.i_croc_soc.i_croc.i_uart.i_uart_modem.i_sync_dsr      1
         sync$croc_chip.i_croc_soc.i_croc.i_uart.i_uart_modem.i_sync_ri      1
         sync$croc_chip.i_croc_soc.i_croc.i_uart.i_uart_rx.i_sync      1
         tc_sram_impl$croc_chip.i_croc_soc.i_croc.gen_sram_bank[0].i_sram      1
         tc_sram_impl$croc_chip.i_croc_soc.i_croc.gen_sram_bank[1].i_sram      1
         timer_unit$croc_chip.i_croc_soc.i_croc.i_timer      1
       sync$croc_chip.i_croc_soc.i_ext_intr_sync      1
       tc_clk_mux2$croc_chip.i_croc_soc.i_rstgen.i_rstgen_bypass.i_tc_clk_mux2_init_no      1
       tc_clk_mux2$croc_chip.i_croc_soc.i_rstgen.i_rstgen_bypass.i_tc_clk_mux2_rst_n      1
       tc_clk_mux2$croc_chip.i_croc_soc.i_rstgen.i_rstgen_bypass.i_tc_clk_mux2_rst_no      1
       user_domain$croc_chip.i_croc_soc.i_user      1

   Number of wires:              43266
   Number of wire bits:          46776
   Number of public wires:        9759
   Number of public wire bits:   13269
   Number of ports:                742
   Number of port bits:           4228
   Number of memories:               0
   Number of memory bits:            0
   Number of processes:              0
   Number of cells:              36564
     $_ALDFF_PN_                     1
     $scopeinfo                    149
     RM_IHPSG13_1P_256x64_c2_bm_bist      2
     sg13g2_IOPadIOVdd               4
     sg13g2_IOPadIOVss               4
     sg13g2_IOPadIn                 10
     sg13g2_IOPadInOut30mA          32
     sg13g2_IOPadOut16mA             6
     sg13g2_IOPadVdd                 4
     sg13g2_IOPadVss                 4
     sg13g2_a21o_1                 557
     sg13g2_a21o_2                   1
     sg13g2_a21oi_1               1966
     sg13g2_a21oi_2                 14
     sg13g2_a221oi_1               801
     sg13g2_a22oi_1               1506
     sg13g2_and2_1                 737
     sg13g2_and2_2                  10
     sg13g2_and3_1                 255
     sg13g2_and3_2                   3
     sg13g2_and4_1                 105
     sg13g2_buf_1                 2403
     sg13g2_buf_16                  16
     sg13g2_buf_2                  163
     sg13g2_buf_4                   13
     sg13g2_buf_8                   48
     sg13g2_dfrbp_1               5177
     sg13g2_inv_1                 1283
     sg13g2_inv_2                    2
     sg13g2_inv_8                    1
     sg13g2_mux2_1                4760
     sg13g2_mux2_2                   1
     sg13g2_mux4_1                 667
     sg13g2_nand2_1               3014
     sg13g2_nand2_2                 19
     sg13g2_nand2b_1               764
     sg13g2_nand2b_2                 5
     sg13g2_nand3_1               2929
     sg13g2_nand3b_1               175
     sg13g2_nand4_1                444
     sg13g2_nor2_1                2319
     sg13g2_nor2_2                  20
     sg13g2_nor2b_1                517
     sg13g2_nor2b_2                  6
     sg13g2_nor3_1                 947
     sg13g2_nor3_2                  25
     sg13g2_nor4_1                 308
     sg13g2_nor4_2                  34
     sg13g2_o21ai_1               3025
     sg13g2_or2_1                  367
     sg13g2_or2_2                    4
     sg13g2_or3_1                   93
     sg13g2_or3_2                    2
     sg13g2_or4_1                   41
     sg13g2_or4_2                    1
     sg13g2_xnor2_1                520
     sg13g2_xor2_1                 280

