Startpoint: i_croc_soc/i_croc/i_core_wrap/i_ibex.id_stage_i.controller_i.instr_i_3__reg
            (rising edge-triggered flip-flop clocked by clk_sys)
Endpoint: i_croc_soc/i_croc/i_core_wrap/i_ibex.crash_dump_o_94__reg
          (rising edge-triggered flip-flop clocked by clk_sys)
Path Group: clk_sys
Path Type: max

  Delay    Time   Description
---------------------------------------------------------
   0.00    0.00   clock clk_sys (rise edge)
   0.00    0.00   clock network delay (ideal)
   0.00    0.00 ^ i_croc_soc/i_croc/i_core_wrap/i_ibex.id_stage_i.controller_i.instr_i_3__reg/CLK (sg13g2_dfrbp_2)
   0.29    0.29 v i_croc_soc/i_croc/i_core_wrap/i_ibex.id_stage_i.controller_i.instr_i_3__reg/Q (sg13g2_dfrbp_2)
   0.09    0.38 v fanout1855/X (sg13g2_buf_2)
   0.21    0.59 v i_croc_soc/i_croc/i_core_wrap/$abc$211565$auto$blifparse.cc:396:parse_blif$211576/X (sg13g2_or4_1)
   0.10    0.69 v fanout34096/X (sg13g2_buf_4)
   0.17    0.85 ^ i_croc_soc/i_croc/i_core_wrap/$abc$211565$auto$blifparse.cc:396:parse_blif$211579/Y (sg13g2_nor3_2)
   0.12    0.97 v i_croc_soc/i_croc/i_core_wrap/$abc$211565$auto$blifparse.cc:396:parse_blif$212055/Y (sg13g2_a221oi_1)
   0.10    1.07 v rebuffer34844/X (sg13g2_buf_2)
   0.07    1.15 v i_croc_soc/i_croc/i_core_wrap/$abc$211565$auto$blifparse.cc:396:parse_blif$212056/X (sg13g2_and2_1)
   0.08    1.23 v fanout32569/X (sg13g2_buf_2)
   0.09    1.32 v fanout32568/X (sg13g2_buf_4)
   0.13    1.46 ^ i_croc_soc/i_croc/i_core_wrap/$abc$211565$auto$blifparse.cc:396:parse_blif$212193/X (sg13g2_mux2_1)
   0.05    1.50 v i_croc_soc/i_croc/i_core_wrap/$abc$211565$auto$blifparse.cc:396:parse_blif$212194/Y (sg13g2_nand2_1)
   0.04    1.54 ^ i_croc_soc/i_croc/i_core_wrap/$abc$211565$auto$blifparse.cc:396:parse_blif$212195/Y (sg13g2_o21ai_1)
   0.10    1.64 ^ fanout1562/X (sg13g2_buf_2)
   0.10    1.74 ^ fanout1561/X (sg13g2_buf_2)
   0.11    1.85 ^ fanout1560/X (sg13g2_buf_4)
   0.06    1.91 v i_croc_soc/i_croc/i_core_wrap/$abc$211565$auto$blifparse.cc:396:parse_blif$212200/Y (sg13g2_nor2_1)
   0.13    2.03 ^ i_croc_soc/i_croc/i_core_wrap/$abc$211565$auto$blifparse.cc:396:parse_blif$212230/Y (sg13g2_o21ai_1)
   0.09    2.12 v i_croc_soc/i_croc/i_core_wrap/$abc$211565$auto$blifparse.cc:396:parse_blif$212234/Y (sg13g2_a21oi_1)
   0.13    2.25 ^ i_croc_soc/i_croc/i_core_wrap/$abc$211565$auto$blifparse.cc:396:parse_blif$212236/Y (sg13g2_o21ai_1)
   0.15    2.40 v i_croc_soc/i_croc/i_core_wrap/$abc$211565$auto$blifparse.cc:396:parse_blif$212264/Y (sg13g2_a22oi_1)
   0.19    2.59 ^ i_croc_soc/i_croc/i_core_wrap/$abc$211565$auto$blifparse.cc:396:parse_blif$212826/Y (sg13g2_nor4_2)
   0.11    2.70 v i_croc_soc/i_croc/i_core_wrap/$abc$211565$auto$blifparse.cc:396:parse_blif$212827/Y (sg13g2_a21oi_2)
   0.09    2.79 ^ i_croc_soc/i_croc/i_core_wrap/$abc$211565$auto$blifparse.cc:396:parse_blif$212828/Y (sg13g2_nand2_2)
   0.08    2.88 v i_croc_soc/i_croc/i_core_wrap/$abc$211565$auto$blifparse.cc:396:parse_blif$213384/Y (sg13g2_a21oi_2)
   0.07    2.94 ^ i_croc_soc/i_croc/i_core_wrap/$abc$211565$auto$blifparse.cc:396:parse_blif$213390/Y (sg13g2_nor2_1)
   0.04    2.98 v i_croc_soc/i_croc/i_core_wrap/$abc$211565$auto$blifparse.cc:396:parse_blif$213391/Y (sg13g2_a21oi_1)
   0.10    3.09 v i_croc_soc/i_croc/i_core_wrap/$abc$211565$auto$blifparse.cc:396:parse_blif$213392/X (sg13g2_xor2_1)
   0.09    3.18 v fanout31251/X (sg13g2_buf_4)
   0.08    3.26 v fanout31250/X (sg13g2_buf_4)
   0.13    3.39 ^ i_croc_soc/i_croc/i_core_wrap/$abc$211565$auto$blifparse.cc:396:parse_blif$213906/Y (sg13g2_a221oi_1)
   0.07    3.46 v i_croc_soc/i_croc/i_core_wrap/$abc$211565$auto$blifparse.cc:396:parse_blif$213908/Y (sg13g2_nor2_1)
   0.16    3.61 v i_croc_soc/i_croc/i_core_wrap/$abc$211565$auto$blifparse.cc:396:parse_blif$214791/X (sg13g2_a21o_2)
   0.15    3.76 v i_croc_soc/i_croc/i_core_wrap/$abc$211565$auto$blifparse.cc:396:parse_blif$215066/X (sg13g2_mux2_2)
   0.11    3.88 v fanout31245/X (sg13g2_buf_2)
   0.11    3.99 ^ i_croc_soc/i_croc/$abc$216447$auto$blifparse.cc:396:parse_blif$216958/Y (sg13g2_nor3_2)
   0.14    4.13 v i_croc_soc/i_croc/$abc$216447$auto$blifparse.cc:396:parse_blif$216962/Y (sg13g2_nand4_1)
   0.15    4.28 v i_croc_soc/i_croc/$abc$216447$auto$blifparse.cc:396:parse_blif$216963/X (sg13g2_or2_1)
   0.14    4.42 ^ i_croc_soc/i_croc/$abc$216447$auto$blifparse.cc:396:parse_blif$216984/Y (sg13g2_a221oi_1)
   0.08    4.50 v i_croc_soc/i_croc/$abc$216447$auto$blifparse.cc:396:parse_blif$216990/Y (sg13g2_o21ai_1)
   0.08    4.58 v i_croc_soc/i_croc/$abc$216447$auto$blifparse.cc:396:parse_blif$216995/X (sg13g2_and3_1)
   0.22    4.81 ^ i_croc_soc/i_croc/$abc$216447$auto$blifparse.cc:396:parse_blif$217021/Y (sg13g2_o21ai_1)
   0.11    4.92 v i_croc_soc/i_croc/$abc$216447$auto$blifparse.cc:396:parse_blif$217616/Y (sg13g2_a21oi_1)
   0.10    5.02 v fanout31097/X (sg13g2_buf_2)
   0.09    5.11 v fanout31096/X (sg13g2_buf_2)
   0.10    5.21 ^ i_croc_soc/i_croc/$abc$216447$auto$blifparse.cc:396:parse_blif$217618/Y (sg13g2_a22oi_1)
   0.06    5.27 v i_croc_soc/i_croc/$abc$216447$auto$blifparse.cc:396:parse_blif$217637/Y (sg13g2_inv_1)
   0.07    5.35 ^ i_croc_soc/i_croc/$abc$216447$auto$blifparse.cc:396:parse_blif$217638/Y (sg13g2_a21oi_1)
   0.09    5.43 ^ fanout31057/X (sg13g2_buf_2)
   0.09    5.53 ^ fanout31054/X (sg13g2_buf_2)
   0.12    5.64 ^ fanout31053/X (sg13g2_buf_2)
   0.12    5.76 ^ i_croc_soc/i_croc/$abc$216447$auto$blifparse.cc:396:parse_blif$217680/X (sg13g2_mux2_1)
   0.07    5.83 v i_croc_soc/i_croc/$abc$216447$auto$blifparse.cc:396:parse_blif$217822/Y (sg13g2_a21oi_1)
   0.11    5.95 v fanout30987/X (sg13g2_buf_2)
   0.18    6.13 ^ i_croc_soc/i_croc/$abc$216447$auto$blifparse.cc:396:parse_blif$217828/Y (sg13g2_nor4_1)
   0.09    6.22 v i_croc_soc/i_croc/$abc$216447$auto$blifparse.cc:396:parse_blif$217835/Y (sg13g2_nor3_2)
   0.10    6.31 ^ i_croc_soc/i_croc/$abc$216447$auto$blifparse.cc:396:parse_blif$217870/Y (sg13g2_o21ai_1)
   0.12    6.43 v i_croc_soc/i_croc/$abc$216447$auto$blifparse.cc:396:parse_blif$217871/Y (sg13g2_nand4_1)
   0.08    6.51 ^ i_croc_soc/i_croc/$abc$216447$auto$blifparse.cc:396:parse_blif$217872/Y (sg13g2_nand3b_1)
   0.14    6.64 v i_croc_soc/i_croc/$abc$216447$auto$blifparse.cc:396:parse_blif$217873/Y (sg13g2_nand3_1)
   0.08    6.73 ^ i_croc_soc/i_croc/$abc$216447$auto$blifparse.cc:396:parse_blif$218037/Y (sg13g2_nand2_1)
   0.06    6.79 v i_croc_soc/i_croc/$abc$216447$auto$blifparse.cc:396:parse_blif$218387/Y (sg13g2_inv_1)
   0.03    6.82 ^ i_croc_soc/i_croc/$abc$216447$auto$blifparse.cc:396:parse_blif$224658/Y (sg13g2_nand2_2)
   0.09    6.91 ^ fanout30786/X (sg13g2_buf_2)
   0.10    7.01 ^ fanout30785/X (sg13g2_buf_2)
   0.06    7.07 v i_croc_soc/i_croc/$abc$216447$auto$blifparse.cc:396:parse_blif$224717/Y (sg13g2_nor2_1)
   0.07    7.13 ^ i_croc_soc/i_croc/i_gpio/$abc$237916$auto$blifparse.cc:396:parse_blif$237936/Y (sg13g2_nand2_2)
   0.06    7.19 v i_croc_soc/i_croc/i_gpio/$abc$237916$auto$blifparse.cc:396:parse_blif$238508/Y (sg13g2_nand2_1)
   0.07    7.26 ^ i_croc_soc/i_croc/i_gpio/$abc$237916$auto$blifparse.cc:396:parse_blif$238510/Y (sg13g2_a21oi_1)
   0.08    7.34 ^ i_croc_soc/i_croc/$abc$216447$auto$blifparse.cc:396:parse_blif$219810/Y (sg13g2_nor2b_1)
   0.08    7.42 ^ i_croc_soc/i_croc/$abc$216447$auto$blifparse.cc:396:parse_blif$219812/X (sg13g2_mux2_1)
   0.13    7.54 v i_croc_soc/i_croc/$abc$216447$auto$blifparse.cc:396:parse_blif$219822/Y (sg13g2_a22oi_1)
   0.08    7.62 ^ i_croc_soc/i_croc/$abc$216447$auto$blifparse.cc:396:parse_blif$221276/Y (sg13g2_nor2b_1)
   0.05    7.67 v i_croc_soc/i_croc/$abc$216447$auto$blifparse.cc:396:parse_blif$221277/Y (sg13g2_nor3_1)
   0.13    7.80 ^ i_croc_soc/i_croc/$abc$216447$auto$blifparse.cc:396:parse_blif$221278/Y (sg13g2_nor3_2)
   0.16    7.97 ^ i_croc_soc/i_croc/i_core_wrap/$abc$211565$auto$blifparse.cc:396:parse_blif$213446/Y (sg13g2_nor2b_1)
   0.06    8.03 v i_croc_soc/i_croc/i_core_wrap/$abc$211565$auto$blifparse.cc:396:parse_blif$213447/Y (sg13g2_nor4_2)
   0.07    8.10 ^ i_croc_soc/i_croc/i_core_wrap/$abc$211565$auto$blifparse.cc:396:parse_blif$213502/Y (sg13g2_nor2b_1)
   0.11    8.21 ^ i_croc_soc/i_croc/i_core_wrap/$abc$211565$auto$blifparse.cc:396:parse_blif$213543/X (sg13g2_and2_1)
   0.09    8.30 v i_croc_soc/i_croc/i_core_wrap/$abc$211565$auto$blifparse.cc:396:parse_blif$213582/Y (sg13g2_nand3_1)
   0.10    8.40 ^ i_croc_soc/i_croc/i_core_wrap/$abc$211565$auto$blifparse.cc:396:parse_blif$213597/Y (sg13g2_nor2_1)
   0.11    8.52 v i_croc_soc/i_croc/i_core_wrap/$abc$211565$auto$blifparse.cc:396:parse_blif$213624/Y (sg13g2_nand3_1)
   0.10    8.62 ^ i_croc_soc/i_croc/i_core_wrap/$abc$211565$auto$blifparse.cc:396:parse_blif$213640/Y (sg13g2_nor2_1)
   0.14    8.76 ^ i_croc_soc/i_croc/i_core_wrap/$abc$211565$auto$blifparse.cc:396:parse_blif$213666/X (sg13g2_and3_1)
   0.11    8.87 ^ i_croc_soc/i_croc/i_core_wrap/$abc$211565$auto$blifparse.cc:396:parse_blif$213682/X (sg13g2_and2_1)
   0.13    9.00 v i_croc_soc/i_croc/i_core_wrap/$abc$211565$auto$blifparse.cc:396:parse_blif$213735/Y (sg13g2_nand4_1)
   0.11    9.11 ^ i_croc_soc/i_croc/i_core_wrap/$abc$211565$auto$blifparse.cc:396:parse_blif$213739/Y (sg13g2_nor2_1)
   0.18    9.29 v i_croc_soc/i_croc/i_core_wrap/$abc$211565$auto$blifparse.cc:396:parse_blif$213767/Y (sg13g2_nand3_1)
   0.14    9.44 ^ i_croc_soc/i_croc/i_core_wrap/$abc$211565$auto$blifparse.cc:396:parse_blif$213825/Y (sg13g2_nor3_2)
   0.15    9.58 v i_croc_soc/i_croc/i_core_wrap/$abc$211565$auto$blifparse.cc:396:parse_blif$213859/Y (sg13g2_nand4_1)
   0.14    9.72 v i_croc_soc/i_croc/i_core_wrap/$abc$211565$auto$blifparse.cc:396:parse_blif$213869/X (sg13g2_or2_1)
   0.06    9.78 ^ i_croc_soc/i_croc/i_core_wrap/$abc$211565$auto$blifparse.cc:396:parse_blif$213880/Y (sg13g2_nor2_2)
   0.07    9.85 v i_croc_soc/i_croc/i_core_wrap/$abc$211565$auto$blifparse.cc:396:parse_blif$213891/Y (sg13g2_nand2_1)
   0.13    9.98 ^ i_croc_soc/i_croc/i_core_wrap/$abc$211565$auto$blifparse.cc:396:parse_blif$213901/Y (sg13g2_nor4_1)
   0.13   10.12 ^ i_croc_soc/i_croc/i_core_wrap/$abc$211565$auto$blifparse.cc:396:parse_blif$213902/X (sg13g2_xor2_1)
   0.10   10.22 ^ i_croc_soc/i_croc/i_core_wrap/$abc$211565$auto$blifparse.cc:396:parse_blif$213909/X (sg13g2_a21o_1)
   0.00   10.22 ^ i_croc_soc/i_croc/i_core_wrap/i_ibex.crash_dump_o_94__reg/D (sg13g2_dfrbp_2)
          10.22   data arrival time

  12.50   12.50   clock clk_sys (rise edge)
   0.00   12.50   clock network delay (ideal)
  -0.10   12.40   clock uncertainty
   0.00   12.40   clock reconvergence pessimism
          12.40 ^ i_croc_soc/i_croc/i_core_wrap/i_ibex.crash_dump_o_94__reg/CLK (sg13g2_dfrbp_2)
  -0.09   12.31   library setup time
          12.31   data required time
---------------------------------------------------------
          12.31   data required time
         -10.22   data arrival time
---------------------------------------------------------
           2.09   slack (MET)


