Startpoint: i_croc_soc/i_croc/i_core_wrap/i_ibex.id_stage_i.controller_i.instr_i_21__reg
            (rising edge-triggered flip-flop clocked by clk_sys)
Endpoint: i_croc_soc/i_croc/i_core_wrap/i_ibex.cs_registers_i/mhpmcounter_1919__reg
          (rising edge-triggered flip-flop clocked by clk_sys)
Path Group: clk_sys
Path Type: max

  Delay    Time   Description
---------------------------------------------------------
   0.00    0.00   clock clk_sys (rise edge)
   0.00    0.00   clock network delay (ideal)
   0.00    0.00 ^ i_croc_soc/i_croc/i_core_wrap/i_ibex.id_stage_i.controller_i.instr_i_21__reg/CLK (sg13g2_dfrbp_1)
   0.30    0.30 ^ i_croc_soc/i_croc/i_core_wrap/i_ibex.id_stage_i.controller_i.instr_i_21__reg/Q (sg13g2_dfrbp_1)
   0.18    0.48 ^ i_croc_soc/i_croc/i_core_wrap/i_ibex.register_file_i/$abc$161021$auto$blifparse.cc:396:parse_blif$162259/X (sg13g2_buf_1)
   0.21    0.69 ^ i_croc_soc/i_croc/i_core_wrap/i_ibex.register_file_i/$abc$161021$auto$blifparse.cc:396:parse_blif$162260/X (sg13g2_buf_1)
   0.20    0.88 ^ i_croc_soc/i_croc/i_core_wrap/i_ibex.register_file_i/$abc$161021$auto$blifparse.cc:396:parse_blif$162266/X (sg13g2_buf_1)
   0.10    0.99 v i_croc_soc/i_croc/i_core_wrap/i_ibex.register_file_i/$abc$161021$auto$blifparse.cc:396:parse_blif$162267/Y (sg13g2_nand3b_1)
   0.12    1.11 v i_croc_soc/i_croc/i_core_wrap/i_ibex.register_file_i/$abc$161021$auto$blifparse.cc:396:parse_blif$162273/X (sg13g2_a21o_1)
   0.06    1.17 ^ i_croc_soc/i_croc/i_core_wrap/i_ibex.register_file_i/$abc$161021$auto$blifparse.cc:396:parse_blif$162320/Y (sg13g2_nand4_1)
   0.05    1.22 v i_croc_soc/i_croc/i_core_wrap/$abc$149469$auto$blifparse.cc:396:parse_blif$150179/Y (sg13g2_nand2_1)
   0.11    1.33 v i_croc_soc/i_croc/i_core_wrap/$abc$149469$auto$blifparse.cc:396:parse_blif$150181/X (sg13g2_a21o_1)
   0.12    1.46 v i_croc_soc/i_croc/i_core_wrap/$abc$149469$auto$blifparse.cc:396:parse_blif$150289/X (sg13g2_or2_1)
   0.19    1.65 ^ i_croc_soc/i_croc/i_core_wrap/$abc$149469$auto$blifparse.cc:396:parse_blif$150290/Y (sg13g2_nor4_2)
   0.10    1.75 v i_croc_soc/i_croc/i_core_wrap/$abc$149469$auto$blifparse.cc:396:parse_blif$150292/Y (sg13g2_a21oi_1)
   0.16    1.91 ^ i_croc_soc/i_croc/i_core_wrap/$abc$149469$auto$blifparse.cc:396:parse_blif$150295/Y (sg13g2_o21ai_1)
   0.09    2.01 v i_croc_soc/i_croc/i_core_wrap/$abc$149469$auto$blifparse.cc:396:parse_blif$150298/Y (sg13g2_nand2_1)
   0.19    2.19 ^ i_croc_soc/i_croc/i_core_wrap/$abc$149469$auto$blifparse.cc:396:parse_blif$150308/Y (sg13g2_o21ai_1)
   0.19    2.39 ^ i_croc_soc/i_croc/i_core_wrap/$abc$149469$auto$blifparse.cc:396:parse_blif$150309/X (sg13g2_mux2_2)
   0.18    2.57 v i_croc_soc/i_croc/i_core_wrap/$abc$149469$auto$blifparse.cc:396:parse_blif$150310/Y (sg13g2_nand3b_1)
   0.33    2.90 ^ i_croc_soc/i_croc/i_core_wrap/$abc$149469$auto$blifparse.cc:396:parse_blif$150366/Y (sg13g2_a221oi_1)
   0.18    3.09 ^ i_croc_soc/i_croc/i_core_wrap/$abc$149469$auto$blifparse.cc:396:parse_blif$152215/X (sg13g2_a21o_1)
   0.13    3.22 ^ i_croc_soc/i_croc/i_core_wrap/$abc$149469$auto$blifparse.cc:396:parse_blif$152216/X (sg13g2_buf_1)
   0.14    3.36 ^ i_croc_soc/i_croc/i_core_wrap/$abc$149469$auto$blifparse.cc:396:parse_blif$152249/X (sg13g2_a21o_1)
   0.08    3.43 v i_croc_soc/i_croc/i_core_wrap/$abc$149469$auto$blifparse.cc:396:parse_blif$152252/Y (sg13g2_a22oi_1)
   0.17    3.60 v i_croc_soc/i_croc/i_core_wrap/$abc$149469$auto$blifparse.cc:396:parse_blif$152253/Y (sg13g2_xnor2_1)
   0.10    3.70 ^ i_croc_soc/i_croc/i_core_wrap/$abc$149469$auto$blifparse.cc:396:parse_blif$152257/Y (sg13g2_a21oi_1)
   0.06    3.76 v i_croc_soc/i_croc/i_core_wrap/$abc$149469$auto$blifparse.cc:396:parse_blif$152259/Y (sg13g2_nor3_1)
   0.16    3.92 v i_croc_soc/i_croc/i_core_wrap/$abc$149469$auto$blifparse.cc:396:parse_blif$152260/X (sg13g2_a21o_1)
   0.16    4.08 v i_croc_soc/i_croc/i_core_wrap/$abc$149469$auto$blifparse.cc:396:parse_blif$152261/X (sg13g2_mux2_1)
   0.23    4.32 ^ i_croc_soc/i_croc/$abc$154265$auto$blifparse.cc:396:parse_blif$154479/Y (sg13g2_nor4_2)
   0.10    4.42 v i_croc_soc/i_croc/$abc$154265$auto$blifparse.cc:396:parse_blif$154491/Y (sg13g2_xnor2_1)
   0.12    4.54 ^ i_croc_soc/i_croc/$abc$154265$auto$blifparse.cc:396:parse_blif$154495/Y (sg13g2_nor4_1)
   0.13    4.67 ^ i_croc_soc/i_croc/$abc$154265$auto$blifparse.cc:396:parse_blif$154496/Y (sg13g2_nor2b_1)
   0.09    4.76 ^ i_croc_soc/i_croc/$abc$154265$auto$blifparse.cc:396:parse_blif$154547/Y (sg13g2_nand3b_1)
   0.15    4.91 v i_croc_soc/i_croc/$abc$154265$auto$blifparse.cc:396:parse_blif$154548/Y (sg13g2_o21ai_1)
   0.27    5.18 ^ i_croc_soc/i_croc/$abc$154265$auto$blifparse.cc:396:parse_blif$154550/Y (sg13g2_o21ai_1)
   0.15    5.33 v i_croc_soc/i_croc/$abc$154265$auto$blifparse.cc:396:parse_blif$154555/Y (sg13g2_a21oi_1)
   0.13    5.46 v i_croc_soc/i_croc/$abc$154265$auto$blifparse.cc:396:parse_blif$154556/X (sg13g2_buf_2)
   0.20    5.66 ^ i_croc_soc/i_croc/$abc$154265$auto$blifparse.cc:396:parse_blif$154604/Y (sg13g2_a221oi_1)
   0.15    5.81 ^ i_croc_soc/i_croc/$abc$154265$auto$blifparse.cc:396:parse_blif$154716/X (sg13g2_or2_1)
   0.12    5.93 v i_croc_soc/i_croc/$abc$154265$auto$blifparse.cc:396:parse_blif$154720/Y (sg13g2_a221oi_1)
   0.20    6.13 ^ i_croc_soc/i_croc/$abc$154265$auto$blifparse.cc:396:parse_blif$154750/Y (sg13g2_o21ai_1)
   0.17    6.30 v i_croc_soc/i_croc/$abc$154265$auto$blifparse.cc:396:parse_blif$154751/Y (sg13g2_nand2_2)
   0.13    6.43 ^ i_croc_soc/i_croc/$abc$154265$auto$blifparse.cc:396:parse_blif$154752/Y (sg13g2_xnor2_1)
   0.14    6.57 ^ i_croc_soc/i_croc/$abc$154265$auto$blifparse.cc:396:parse_blif$154792/X (sg13g2_a21o_1)
   0.10    6.67 v i_croc_soc/i_croc/$abc$154265$auto$blifparse.cc:396:parse_blif$155321/Y (sg13g2_nand2_1)
   0.19    6.85 ^ i_croc_soc/i_croc/$abc$154265$auto$blifparse.cc:396:parse_blif$155328/Y (sg13g2_nor3_1)
   0.16    7.02 ^ i_croc_soc/i_croc/$abc$154265$auto$blifparse.cc:396:parse_blif$157381/Y (sg13g2_nor2b_1)
   0.12    7.14 ^ i_croc_soc/i_croc/i_gpio/$abc$168880$auto$blifparse.cc:396:parse_blif$168885/X (sg13g2_and2_1)
   0.06    7.20 v i_croc_soc/i_croc/i_gpio/$abc$168880$auto$blifparse.cc:396:parse_blif$169672/Y (sg13g2_o21ai_1)
   0.08    7.28 v i_croc_soc/i_croc/i_gpio/$abc$168880$auto$blifparse.cc:396:parse_blif$169673/X (sg13g2_and2_1)
   0.08    7.35 ^ i_croc_soc/i_croc/$abc$154265$auto$blifparse.cc:396:parse_blif$155400/Y (sg13g2_o21ai_1)
   0.11    7.46 v i_croc_soc/i_croc/$abc$154265$auto$blifparse.cc:396:parse_blif$155405/Y (sg13g2_o21ai_1)
   0.10    7.56 ^ i_croc_soc/i_croc/$abc$154265$auto$blifparse.cc:396:parse_blif$155903/Y (sg13g2_a21oi_1)
   0.04    7.60 v i_croc_soc/i_croc/$abc$154265$auto$blifparse.cc:396:parse_blif$155904/Y (sg13g2_nor3_1)
   0.11    7.71 v i_croc_soc/i_croc/$abc$154265$auto$blifparse.cc:396:parse_blif$155907/Y (sg13g2_nand2b_1)
   0.12    7.82 ^ i_croc_soc/i_croc/i_core_wrap/$abc$149469$auto$blifparse.cc:396:parse_blif$150926/Y (sg13g2_nor3_1)
   0.07    7.89 v i_croc_soc/i_croc/i_core_wrap/$abc$149469$auto$blifparse.cc:396:parse_blif$150927/Y (sg13g2_nor3_1)
   0.08    7.97 ^ i_croc_soc/i_croc/i_core_wrap/$abc$149469$auto$blifparse.cc:396:parse_blif$150930/Y (sg13g2_nor2_1)
   0.06    8.04 v i_croc_soc/i_croc/i_core_wrap/$abc$149469$auto$blifparse.cc:396:parse_blif$153435/Y (sg13g2_o21ai_1)
   0.06    8.10 ^ i_croc_soc/i_croc/i_core_wrap/$abc$149469$auto$blifparse.cc:396:parse_blif$153436/Y (sg13g2_a21oi_1)
   0.18    8.28 ^ i_croc_soc/i_croc/i_core_wrap/$abc$149469$auto$blifparse.cc:396:parse_blif$153437/X (sg13g2_and4_1)
   0.13    8.40 v i_croc_soc/i_croc/i_core_wrap/i_ibex.cs_registers_i/$abc$158220$auto$blifparse.cc:396:parse_blif$159706/Y (sg13g2_nand2_1)
   0.24    8.64 ^ i_croc_soc/i_croc/i_core_wrap/i_ibex.cs_registers_i/$abc$158220$auto$blifparse.cc:396:parse_blif$159710/Y (sg13g2_nor4_1)
   0.19    8.83 v i_croc_soc/i_croc/i_core_wrap/i_ibex.cs_registers_i/$abc$158220$auto$blifparse.cc:396:parse_blif$159820/Y (sg13g2_nand4_1)
   0.14    8.97 ^ i_croc_soc/i_croc/i_core_wrap/i_ibex.cs_registers_i/$abc$158220$auto$blifparse.cc:396:parse_blif$159826/Y (sg13g2_nor3_2)
   0.18    9.15 v i_croc_soc/i_croc/i_core_wrap/i_ibex.cs_registers_i/$abc$158220$auto$blifparse.cc:396:parse_blif$159840/Y (sg13g2_nand4_1)
   0.05    9.20 ^ i_croc_soc/i_croc/i_core_wrap/i_ibex.cs_registers_i/$abc$158220$auto$blifparse.cc:396:parse_blif$159844/Y (sg13g2_inv_1)
   0.12    9.33 v i_croc_soc/i_croc/i_core_wrap/i_ibex.cs_registers_i/$abc$158220$auto$blifparse.cc:396:parse_blif$159845/Y (sg13g2_nand2_1)
   0.27    9.59 ^ i_croc_soc/i_croc/i_core_wrap/i_ibex.cs_registers_i/$abc$158220$auto$blifparse.cc:396:parse_blif$159887/Y (sg13g2_nor4_1)
   0.17    9.76 ^ i_croc_soc/i_croc/i_core_wrap/i_ibex.cs_registers_i/$abc$158220$auto$blifparse.cc:396:parse_blif$159894/X (sg13g2_a21o_1)
   0.06    9.83 v i_croc_soc/i_croc/i_core_wrap/i_ibex.cs_registers_i/$abc$158220$auto$blifparse.cc:396:parse_blif$159896/Y (sg13g2_nand3_1)
   0.00    9.83 v i_croc_soc/i_croc/i_core_wrap/i_ibex.cs_registers_i/mhpmcounter_1919__reg/D (sg13g2_dfrbp_1)
           9.83   data arrival time

  12.50   12.50   clock clk_sys (rise edge)
   0.00   12.50   clock network delay (ideal)
   0.00   12.50   clock reconvergence pessimism
          12.50 ^ i_croc_soc/i_croc/i_core_wrap/i_ibex.cs_registers_i/mhpmcounter_1919__reg/CLK (sg13g2_dfrbp_1)
  -0.13   12.37   library setup time
          12.37   data required time
---------------------------------------------------------
          12.37   data required time
          -9.83   data arrival time
---------------------------------------------------------
           2.55   slack (MET)


