Startpoint: i_croc_soc/i_croc/i_dma/dma_transmit_obi_req_o[32]_reg
            (rising edge-triggered flip-flop clocked by clk_sys)
Endpoint: i_croc_soc/i_croc/gen_sram_bank[1].i_sram/gen_512x32xBx1.i_cut
          (rising edge-triggered flip-flop clocked by clk_sys)
Path Group: clk_sys
Path Type: min

  Delay    Time   Description
---------------------------------------------------------
   0.00    0.00   clock clk_sys (rise edge)
   0.00    0.00   clock network delay (ideal)
   0.00    0.00 ^ i_croc_soc/i_croc/i_dma/dma_transmit_obi_req_o[32]_reg/CLK (sg13g2_dfrbp_1)
   0.23    0.23 ^ i_croc_soc/i_croc/i_dma/dma_transmit_obi_req_o[32]_reg/Q (sg13g2_dfrbp_1)
   0.08    0.30 v i_croc_soc/i_croc/$abc$187566$auto$blifparse.cc:396:parse_blif$191854/Y (sg13g2_nand3_1)
   0.05    0.35 ^ i_croc_soc/i_croc/$abc$187566$auto$blifparse.cc:396:parse_blif$191858/Y (sg13g2_nand3_1)
   0.08    0.43 v i_croc_soc/i_croc/$abc$187566$auto$blifparse.cc:396:parse_blif$191859/Y (sg13g2_nand3_1)
   0.06    0.49 ^ i_croc_soc/i_croc/$abc$187566$auto$blifparse.cc:396:parse_blif$191860/Y (sg13g2_o21ai_1)
   0.00    0.49 ^ i_croc_soc/i_croc/gen_sram_bank[1].i_sram/gen_512x32xBx1.i_cut/A_DIN[59] (RM_IHPSG13_1P_256x64_c2_bm_bist)
           0.49   data arrival time

   0.00    0.00   clock clk_sys (rise edge)
   0.00    0.00   clock network delay (ideal)
   0.00    0.00   clock reconvergence pessimism
           0.00 ^ i_croc_soc/i_croc/gen_sram_bank[1].i_sram/gen_512x32xBx1.i_cut/A_CLK (RM_IHPSG13_1P_256x64_c2_bm_bist)
   0.58    0.58   library hold time
           0.58   data required time
---------------------------------------------------------
           0.58   data required time
          -0.49   data arrival time
---------------------------------------------------------
          -0.09   slack (VIOLATED)


