Startpoint: i_croc_soc/i_croc/i_core_wrap/i_ibex.id_stage_i.controller_i.instr_i_15__reg
            (rising edge-triggered flip-flop clocked by clk_sys)
Endpoint: i_croc_soc/i_croc/i_core_wrap/i_ibex.crash_dump_o_95__reg
          (rising edge-triggered flip-flop clocked by clk_sys)
Path Group: clk_sys
Path Type: max

  Delay    Time   Description
---------------------------------------------------------
   0.00    0.00   clock clk_sys (rise edge)
   0.00    0.00   clock network delay (ideal)
   0.00    0.00 ^ i_croc_soc/i_croc/i_core_wrap/i_ibex.id_stage_i.controller_i.instr_i_15__reg/CLK (sg13g2_dfrbp_1)
   0.35    0.35 ^ i_croc_soc/i_croc/i_core_wrap/i_ibex.id_stage_i.controller_i.instr_i_15__reg/Q (sg13g2_dfrbp_1)
   0.14    0.49 ^ i_croc_soc/i_croc/i_core_wrap/i_ibex.register_file_i/$abc$214585$auto$blifparse.cc:396:parse_blif$215821/X (sg13g2_buf_2)
   0.14    0.63 ^ i_croc_soc/i_croc/i_core_wrap/i_ibex.register_file_i/$abc$214585$auto$blifparse.cc:396:parse_blif$215856/X (sg13g2_buf_2)
   0.24    0.87 ^ i_croc_soc/i_croc/i_core_wrap/i_ibex.register_file_i/$abc$214585$auto$blifparse.cc:396:parse_blif$216070/X (sg13g2_buf_2)
   0.27    1.14 v i_croc_soc/i_croc/i_core_wrap/i_ibex.register_file_i/$abc$214585$auto$blifparse.cc:396:parse_blif$216098/X (sg13g2_mux4_1)
   0.06    1.20 ^ i_croc_soc/i_croc/i_core_wrap/i_ibex.register_file_i/$abc$214585$auto$blifparse.cc:396:parse_blif$216099/Y (sg13g2_a22oi_1)
   0.09    1.28 v i_croc_soc/i_croc/i_core_wrap/i_ibex.register_file_i/$abc$214585$auto$blifparse.cc:396:parse_blif$216112/Y (sg13g2_nand4_1)
   0.11    1.39 v i_croc_soc/i_croc/i_core_wrap/$abc$197578$auto$blifparse.cc:396:parse_blif$198274/X (sg13g2_mux2_1)
   0.07    1.47 v i_croc_soc/i_croc/i_core_wrap/$abc$197578$auto$blifparse.cc:396:parse_blif$198275/X (sg13g2_and2_1)
   0.12    1.59 ^ i_croc_soc/i_croc/i_core_wrap/$abc$197578$auto$blifparse.cc:396:parse_blif$198276/Y (sg13g2_a21oi_1)
   0.17    1.76 v i_croc_soc/i_croc/i_core_wrap/$abc$197578$auto$blifparse.cc:396:parse_blif$198277/Y (sg13g2_inv_1)
   0.18    1.94 ^ i_croc_soc/i_croc/i_core_wrap/$abc$197578$auto$blifparse.cc:396:parse_blif$198281/Y (sg13g2_xnor2_1)
   0.20    2.14 v i_croc_soc/i_croc/i_core_wrap/$abc$197578$auto$blifparse.cc:396:parse_blif$198565/Y (sg13g2_nand4_1)
   0.09    2.23 ^ i_croc_soc/i_croc/i_core_wrap/$abc$197578$auto$blifparse.cc:396:parse_blif$198566/Y (sg13g2_inv_1)
   0.16    2.39 ^ i_croc_soc/i_croc/i_core_wrap/$abc$197578$auto$blifparse.cc:396:parse_blif$198567/X (sg13g2_and4_1)
   0.08    2.48 ^ i_croc_soc/i_croc/i_core_wrap/$abc$197578$auto$blifparse.cc:396:parse_blif$198568/X (sg13g2_a21o_1)
   0.15    2.63 v i_croc_soc/i_croc/i_core_wrap/$abc$197578$auto$blifparse.cc:396:parse_blif$198569/Y (sg13g2_nand3_1)
   0.13    2.76 ^ i_croc_soc/i_croc/i_core_wrap/$abc$197578$auto$blifparse.cc:396:parse_blif$198713/Y (sg13g2_a22oi_1)
   0.09    2.85 v i_croc_soc/i_croc/i_core_wrap/$abc$197578$auto$blifparse.cc:396:parse_blif$198715/Y (sg13g2_o21ai_1)
   0.11    2.95 v i_croc_soc/i_croc/i_core_wrap/$abc$197578$auto$blifparse.cc:396:parse_blif$198716/X (sg13g2_and2_1)
   0.10    3.06 ^ i_croc_soc/i_croc/i_core_wrap/$abc$197578$auto$blifparse.cc:396:parse_blif$199467/Y (sg13g2_o21ai_1)
   0.19    3.24 v i_croc_soc/i_croc/i_core_wrap/$abc$197578$auto$blifparse.cc:396:parse_blif$199468/X (sg13g2_mux2_1)
   0.27    3.51 ^ i_croc_soc/i_croc/i_core_wrap/$abc$197578$auto$blifparse.cc:396:parse_blif$199469/Y (sg13g2_xnor2_1)
   0.13    3.64 v i_croc_soc/i_croc/i_core_wrap/$abc$197578$auto$blifparse.cc:396:parse_blif$199981/Y (sg13g2_a21oi_1)
   0.12    3.75 ^ i_croc_soc/i_croc/i_core_wrap/$abc$197578$auto$blifparse.cc:396:parse_blif$199982/Y (sg13g2_nor3_1)
   0.10    3.86 v i_croc_soc/i_croc/i_core_wrap/$abc$197578$auto$blifparse.cc:396:parse_blif$200940/Y (sg13g2_a21oi_1)
   0.15    4.01 ^ i_croc_soc/i_croc/i_core_wrap/$abc$197578$auto$blifparse.cc:396:parse_blif$201215/Y (sg13g2_a21oi_1)
   0.17    4.18 ^ i_croc_soc/i_croc/$abc$202614$auto$blifparse.cc:396:parse_blif$202730/X (sg13g2_buf_1)
   0.07    4.25 v i_croc_soc/i_croc/$abc$202614$auto$blifparse.cc:396:parse_blif$202768/Y (sg13g2_nor3_1)
   0.12    4.37 ^ i_croc_soc/i_croc/$abc$202614$auto$blifparse.cc:396:parse_blif$202770/Y (sg13g2_nor4_1)
   0.10    4.47 ^ i_croc_soc/i_croc/$abc$202614$auto$blifparse.cc:396:parse_blif$202775/Y (sg13g2_nand2b_1)
   0.08    4.54 v i_croc_soc/i_croc/$abc$202614$auto$blifparse.cc:396:parse_blif$202781/Y (sg13g2_a22oi_1)
   0.16    4.71 ^ i_croc_soc/i_croc/$abc$202614$auto$blifparse.cc:396:parse_blif$202782/Y (sg13g2_a221oi_1)
   0.12    4.83 ^ i_croc_soc/i_croc/$abc$202614$auto$blifparse.cc:396:parse_blif$203659/Y (sg13g2_nand3b_1)
   0.08    4.91 v i_croc_soc/i_croc/$abc$202614$auto$blifparse.cc:396:parse_blif$203681/Y (sg13g2_nand2_1)
   0.16    5.07 v i_croc_soc/i_croc/$abc$202614$auto$blifparse.cc:396:parse_blif$203682/Y (sg13g2_nand2b_1)
   0.07    5.14 ^ i_croc_soc/i_croc/$abc$202614$auto$blifparse.cc:396:parse_blif$203880/Y (sg13g2_nand3_1)
   0.14    5.28 ^ i_croc_soc/i_croc/$abc$202614$auto$blifparse.cc:396:parse_blif$203881/X (sg13g2_buf_1)
   0.07    5.35 v i_croc_soc/i_croc/$abc$202614$auto$blifparse.cc:396:parse_blif$203992/Y (sg13g2_nor2_1)
   0.08    5.43 ^ i_croc_soc/i_croc/$abc$202614$auto$blifparse.cc:396:parse_blif$203993/Y (sg13g2_a21oi_1)
   0.16    5.59 ^ i_croc_soc/i_croc/$abc$202614$auto$blifparse.cc:396:parse_blif$203994/X (sg13g2_buf_1)
   0.13    5.72 v i_croc_soc/i_croc/$abc$202614$auto$blifparse.cc:396:parse_blif$204004/Y (sg13g2_nand2_1)
   0.14    5.86 ^ i_croc_soc/i_croc/$abc$202614$auto$blifparse.cc:396:parse_blif$204008/Y (sg13g2_o21ai_1)
   0.10    5.96 v i_croc_soc/i_croc/$abc$202614$auto$blifparse.cc:396:parse_blif$204013/Y (sg13g2_a221oi_1)
   0.14    6.10 ^ i_croc_soc/i_croc/$abc$202614$auto$blifparse.cc:396:parse_blif$204030/Y (sg13g2_a221oi_1)
   0.12    6.21 ^ i_croc_soc/i_croc/$abc$202614$auto$blifparse.cc:396:parse_blif$204064/Y (sg13g2_nand3b_1)
   0.11    6.32 ^ i_croc_soc/i_croc/$abc$202614$auto$blifparse.cc:396:parse_blif$204066/Y (sg13g2_nand2b_1)
   0.10    6.42 ^ i_croc_soc/i_croc/$abc$202614$auto$blifparse.cc:396:parse_blif$211675/X (sg13g2_or2_1)
   0.14    6.56 ^ i_croc_soc/i_croc/$abc$202614$auto$blifparse.cc:396:parse_blif$211678/X (sg13g2_buf_1)
   0.18    6.74 ^ i_croc_soc/i_croc/$abc$202614$auto$blifparse.cc:396:parse_blif$211686/X (sg13g2_buf_1)
   0.07    6.81 v i_croc_soc/i_croc/$abc$202614$auto$blifparse.cc:396:parse_blif$211731/Y (sg13g2_nor2_1)
   0.06    6.87 ^ i_croc_soc/i_croc/i_gpio/$abc$224835$auto$blifparse.cc:396:parse_blif$225640/Y (sg13g2_nand2_1)
   0.05    6.93 v i_croc_soc/i_croc/i_gpio/$abc$224835$auto$blifparse.cc:396:parse_blif$225641/Y (sg13g2_nand2_1)
   0.07    7.00 ^ i_croc_soc/i_croc/i_gpio/$abc$224835$auto$blifparse.cc:396:parse_blif$225643/Y (sg13g2_a21oi_1)
   0.04    7.03 v i_croc_soc/i_croc/$abc$202614$auto$blifparse.cc:396:parse_blif$206951/Y (sg13g2_nor2_1)
   0.06    7.10 ^ i_croc_soc/i_croc/$abc$202614$auto$blifparse.cc:396:parse_blif$206952/Y (sg13g2_a21oi_1)
   0.06    7.16 v i_croc_soc/i_croc/$abc$202614$auto$blifparse.cc:396:parse_blif$206953/Y (sg13g2_a21oi_1)
   0.16    7.32 ^ i_croc_soc/i_croc/$abc$202614$auto$blifparse.cc:396:parse_blif$206954/Y (sg13g2_a21oi_1)
   0.10    7.42 v i_croc_soc/i_croc/$abc$202614$auto$blifparse.cc:396:parse_blif$208425/Y (sg13g2_a21oi_1)
   0.22    7.65 ^ i_croc_soc/i_croc/$abc$202614$auto$blifparse.cc:396:parse_blif$208426/Y (sg13g2_nor3_1)
   0.17    7.82 ^ i_croc_soc/i_croc/i_core_wrap/$abc$197578$auto$blifparse.cc:396:parse_blif$199525/Y (sg13g2_nor2b_1)
   0.04    7.86 v i_croc_soc/i_croc/i_core_wrap/$abc$197578$auto$blifparse.cc:396:parse_blif$199526/Y (sg13g2_nor2_1)
   0.08    7.94 ^ i_croc_soc/i_croc/i_core_wrap/$abc$197578$auto$blifparse.cc:396:parse_blif$199527/Y (sg13g2_nand4_1)
   0.16    8.10 ^ i_croc_soc/i_croc/i_core_wrap/$abc$197578$auto$blifparse.cc:396:parse_blif$199619/X (sg13g2_and3_1)
   0.20    8.29 ^ i_croc_soc/i_croc/i_core_wrap/$abc$197578$auto$blifparse.cc:396:parse_blif$199673/X (sg13g2_and4_1)
   0.09    8.38 v i_croc_soc/i_croc/i_core_wrap/$abc$197578$auto$blifparse.cc:396:parse_blif$199729/Y (sg13g2_nand2_1)
   0.14    8.52 ^ i_croc_soc/i_croc/i_core_wrap/$abc$197578$auto$blifparse.cc:396:parse_blif$199763/Y (sg13g2_nor3_1)
   0.13    8.65 ^ i_croc_soc/i_croc/i_core_wrap/$abc$197578$auto$blifparse.cc:396:parse_blif$199776/X (sg13g2_and2_1)
   0.13    8.79 ^ i_croc_soc/i_croc/i_core_wrap/$abc$197578$auto$blifparse.cc:396:parse_blif$199806/X (sg13g2_and3_1)
   0.12    8.90 ^ i_croc_soc/i_croc/i_core_wrap/$abc$197578$auto$blifparse.cc:396:parse_blif$199815/X (sg13g2_and2_1)
   0.21    9.11 ^ i_croc_soc/i_croc/i_core_wrap/$abc$197578$auto$blifparse.cc:396:parse_blif$199875/X (sg13g2_and4_1)
   0.21    9.31 ^ i_croc_soc/i_croc/i_core_wrap/$abc$197578$auto$blifparse.cc:396:parse_blif$199919/X (sg13g2_and4_1)
   0.20    9.51 ^ i_croc_soc/i_croc/i_core_wrap/$abc$197578$auto$blifparse.cc:396:parse_blif$199951/X (sg13g2_and4_1)
   0.12    9.63 v i_croc_soc/i_croc/i_core_wrap/$abc$197578$auto$blifparse.cc:396:parse_blif$199995/Y (sg13g2_nand4_1)
   0.06    9.69 ^ i_croc_soc/i_croc/i_core_wrap/$abc$197578$auto$blifparse.cc:396:parse_blif$199996/Y (sg13g2_inv_1)
   0.08    9.77 v i_croc_soc/i_croc/i_core_wrap/$abc$197578$auto$blifparse.cc:396:parse_blif$199998/Y (sg13g2_nand3_1)
   0.08    9.85 ^ i_croc_soc/i_croc/i_core_wrap/$abc$197578$auto$blifparse.cc:396:parse_blif$199999/Y (sg13g2_a21oi_1)
   0.04    9.88 v i_croc_soc/i_croc/i_core_wrap/$abc$197578$auto$blifparse.cc:396:parse_blif$200000/Y (sg13g2_a21oi_1)
   0.00    9.88 v i_croc_soc/i_croc/i_core_wrap/i_ibex.crash_dump_o_95__reg/D (sg13g2_dfrbp_1)
           9.88   data arrival time

  12.50   12.50   clock clk_sys (rise edge)
   0.00   12.50   clock network delay (ideal)
  -0.10   12.40   clock uncertainty
   0.00   12.40   clock reconvergence pessimism
          12.40 ^ i_croc_soc/i_croc/i_core_wrap/i_ibex.crash_dump_o_95__reg/CLK (sg13g2_dfrbp_1)
  -0.07   12.33   library setup time
          12.33   data required time
---------------------------------------------------------
          12.33   data required time
          -9.88   data arrival time
---------------------------------------------------------
           2.44   slack (MET)


