Startpoint: i_croc_soc/i_croc/i_dma/dma_receive_obi_req_o[44]_reg
            (rising edge-triggered flip-flop clocked by clk_sys)
Endpoint: i_croc_soc/i_croc/gen_sram_bank[0].i_sram/gen_512x32xBx1.i_cut
          (rising edge-triggered flip-flop clocked by clk_sys)
Path Group: clk_sys
Path Type: min

  Delay    Time   Description
---------------------------------------------------------
   0.00    0.00   clock clk_sys (rise edge)
   0.00    0.00   clock network delay (ideal)
   0.00    0.00 ^ i_croc_soc/i_croc/i_dma/dma_receive_obi_req_o[44]_reg/CLK (sg13g2_dfrbp_1)
   0.31    0.31 ^ i_croc_soc/i_croc/i_dma/dma_receive_obi_req_o[44]_reg/Q (sg13g2_dfrbp_1)
   0.08    0.39 v i_croc_soc/i_croc/$abc$202614$auto$blifparse.cc:396:parse_blif$209082/Y (sg13g2_nand3_1)
   0.05    0.44 ^ i_croc_soc/i_croc/$abc$202614$auto$blifparse.cc:396:parse_blif$209083/Y (sg13g2_nand3_1)
   0.08    0.52 v i_croc_soc/i_croc/$abc$202614$auto$blifparse.cc:396:parse_blif$209084/Y (sg13g2_nand3_1)
   0.05    0.57 ^ i_croc_soc/i_croc/$abc$202614$auto$blifparse.cc:396:parse_blif$209085/Y (sg13g2_o21ai_1)
   0.00    0.57 ^ i_croc_soc/i_croc/gen_sram_bank[0].i_sram/gen_512x32xBx1.i_cut/A_ADDR[1] (RM_IHPSG13_1P_256x64_c2_bm_bist)
           0.57   data arrival time

   0.00    0.00   clock clk_sys (rise edge)
   0.00    0.00   clock network delay (ideal)
   0.10    0.10   clock uncertainty
   0.00    0.10   clock reconvergence pessimism
           0.10 ^ i_croc_soc/i_croc/gen_sram_bank[0].i_sram/gen_512x32xBx1.i_cut/A_CLK (RM_IHPSG13_1P_256x64_c2_bm_bist)
   0.65    0.75   library hold time
           0.75   data required time
---------------------------------------------------------
           0.75   data required time
          -0.57   data arrival time
---------------------------------------------------------
          -0.18   slack (VIOLATED)


