Startpoint: i_croc_soc/i_croc/i_main_xbar.gen_mux[3].i_mux.i_rr_arb.gen_arbiter.rr_q_2__reg
            (rising edge-triggered flip-flop clocked by clk_sys)
Endpoint: i_croc_soc/i_croc/gen_sram_bank[1].i_sram/gen_512x32xBx1.i_cut
          (rising edge-triggered flip-flop clocked by clk_sys)
Path Group: clk_sys
Path Type: min

  Delay    Time   Description
---------------------------------------------------------
   0.00    0.00   clock clk_sys (rise edge)
   0.00    0.00   clock network delay (ideal)
   0.00    0.00 ^ i_croc_soc/i_croc/i_main_xbar.gen_mux[3].i_mux.i_rr_arb.gen_arbiter.rr_q_2__reg/CLK (sg13g2_dfrbp_1)
   0.27    0.27 v i_croc_soc/i_croc/i_main_xbar.gen_mux[3].i_mux.i_rr_arb.gen_arbiter.rr_q_2__reg/Q (sg13g2_dfrbp_1)
   0.07    0.34 ^ i_croc_soc/i_croc/$abc$216447$auto$blifparse.cc:396:parse_blif$218235/Y (sg13g2_a21oi_2)
   0.10    0.44 ^ fanout30960/X (sg13g2_buf_2)
   0.07    0.51 v i_croc_soc/i_croc/$abc$216447$auto$blifparse.cc:396:parse_blif$222191/Y (sg13g2_nand3_1)
   0.06    0.57 ^ i_croc_soc/i_croc/$abc$216447$auto$blifparse.cc:396:parse_blif$222192/Y (sg13g2_o21ai_1)
   0.00    0.57 ^ i_croc_soc/i_croc/gen_sram_bank[1].i_sram/gen_512x32xBx1.i_cut/A_DIN[35] (RM_IHPSG13_1P_256x64_c2_bm_bist)
           0.57   data arrival time

   0.00    0.00   clock clk_sys (rise edge)
   0.00    0.00   clock network delay (ideal)
   0.10    0.10   clock uncertainty
   0.00    0.10   clock reconvergence pessimism
           0.10 ^ i_croc_soc/i_croc/gen_sram_bank[1].i_sram/gen_512x32xBx1.i_cut/A_CLK (RM_IHPSG13_1P_256x64_c2_bm_bist)
   0.62    0.72   library hold time
           0.72   data required time
---------------------------------------------------------
           0.72   data required time
          -0.57   data arrival time
---------------------------------------------------------
          -0.15   slack (VIOLATED)


