Startpoint: i_croc_soc/i_croc/i_core_wrap/i_ibex.id_stage_i.controller_i.instr_i_0__reg
            (rising edge-triggered flip-flop clocked by clk_sys)
Endpoint: status_o (output port clocked by clk_sys)
Path Group: clk_sys
Path Type: max

  Delay    Time   Description
---------------------------------------------------------
   0.00    0.00   clock clk_sys (rise edge)
   0.00    0.00   clock network delay (ideal)
   0.00    0.00 ^ i_croc_soc/i_croc/i_core_wrap/i_ibex.id_stage_i.controller_i.instr_i_0__reg/CLK (sg13g2_dfrbp_1)
   0.32    0.32 v i_croc_soc/i_croc/i_core_wrap/i_ibex.id_stage_i.controller_i.instr_i_0__reg/Q_N (sg13g2_dfrbp_1)
   0.23    0.55 v i_croc_soc/i_croc/i_core_wrap/$abc$211565$auto$blifparse.cc:396:parse_blif$211576/X (sg13g2_or4_1)
   0.23    0.78 ^ i_croc_soc/i_croc/i_core_wrap/$abc$211565$auto$blifparse.cc:396:parse_blif$211579/Y (sg13g2_nor3_1)
   0.22    1.00 v i_croc_soc/i_croc/i_core_wrap/$abc$211565$auto$blifparse.cc:396:parse_blif$211580/Y (sg13g2_nand3_1)
   0.16    1.15 ^ i_croc_soc/i_croc/i_core_wrap/$abc$211565$auto$blifparse.cc:396:parse_blif$211782/Y (sg13g2_nor2_1)
   0.18    1.33 v i_croc_soc/i_croc/i_core_wrap/$abc$211565$auto$blifparse.cc:396:parse_blif$211785/Y (sg13g2_nand4_1)
   0.09    1.42 ^ i_croc_soc/i_croc/i_core_wrap/$abc$211565$auto$blifparse.cc:396:parse_blif$211786/Y (sg13g2_nand2_1)
   0.04    1.46 v i_croc_soc/i_croc/i_core_wrap/$abc$211565$auto$blifparse.cc:396:parse_blif$213420/Y (sg13g2_a21oi_1)
   0.18    1.64 v i_croc_soc/i_croc/i_core_wrap/$abc$211565$auto$blifparse.cc:396:parse_blif$213421/X (sg13g2_or4_1)
   0.11    1.75 v i_croc_soc/i_croc/i_core_wrap/$abc$211565$auto$blifparse.cc:396:parse_blif$213431/X (sg13g2_a21o_1)
   0.11    1.85 v i_croc_soc/i_croc/i_core_wrap/$abc$211565$auto$blifparse.cc:396:parse_blif$213432/X (sg13g2_buf_1)
   0.13    1.98 v i_croc_soc/i_croc/i_core_wrap/$abc$211565$auto$blifparse.cc:396:parse_blif$214633/X (sg13g2_or2_1)
   0.10    2.08 ^ i_croc_soc/i_croc/i_core_wrap/$abc$211565$auto$blifparse.cc:396:parse_blif$215181/Y (sg13g2_a21oi_1)
   1.79    3.87 v i_croc_soc/i_croc/i_core_wrap/$abc$211565$auto$blifparse.cc:396:parse_blif$215185/Y (sg13g2_nand4_1)
   2.96    6.83 v pad_status_o/pad (sg13g2_IOPadOut16mA)
   0.00    6.83 v status_o (out)
           6.83   data arrival time

  12.50   12.50   clock clk_sys (rise edge)
   0.00   12.50   clock network delay (ideal)
  -0.10   12.40   clock uncertainty
   0.00   12.40   clock reconvergence pessimism
  -3.75    8.65   output external delay
           8.65   data required time
---------------------------------------------------------
           8.65   data required time
          -6.83   data arrival time
---------------------------------------------------------
           1.82   slack (MET)


