Startpoint: i_croc_soc/i_croc/i_core_wrap/i_ibex.id_stage_i.controller_i.instr_i_15__reg
            (rising edge-triggered flip-flop clocked by clk_sys)
Endpoint: i_croc_soc/i_croc/i_core_wrap/i_ibex.crash_dump_o_94__reg
          (rising edge-triggered flip-flop clocked by clk_sys)
Path Group: clk_sys
Path Type: max

  Delay    Time   Description
---------------------------------------------------------
   0.00    0.00   clock clk_sys (rise edge)
   0.00    0.00   clock network delay (ideal)
   0.00    0.00 ^ i_croc_soc/i_croc/i_core_wrap/i_ibex.id_stage_i.controller_i.instr_i_15__reg/CLK (sg13g2_dfrbp_1)
   0.25    0.25 ^ i_croc_soc/i_croc/i_core_wrap/i_ibex.id_stage_i.controller_i.instr_i_15__reg/Q (sg13g2_dfrbp_1)
   0.13    0.38 ^ i_croc_soc/i_croc/i_core_wrap/i_ibex.register_file_i/$abc$161335$auto$blifparse.cc:396:parse_blif$163460/X (sg13g2_buf_2)
   0.21    0.59 ^ i_croc_soc/i_croc/i_core_wrap/i_ibex.register_file_i/$abc$161335$auto$blifparse.cc:396:parse_blif$163627/X (sg13g2_buf_1)
   0.21    0.80 v i_croc_soc/i_croc/i_core_wrap/i_ibex.register_file_i/$abc$161335$auto$blifparse.cc:396:parse_blif$163790/X (sg13g2_mux2_1)
   0.19    0.98 v i_croc_soc/i_croc/i_core_wrap/i_ibex.register_file_i/$abc$161335$auto$blifparse.cc:396:parse_blif$163791/X (sg13g2_mux4_1)
   0.07    1.06 ^ i_croc_soc/i_croc/i_core_wrap/i_ibex.register_file_i/$abc$161335$auto$blifparse.cc:396:parse_blif$163798/Y (sg13g2_a22oi_1)
   0.10    1.16 v i_croc_soc/i_croc/i_core_wrap/i_ibex.register_file_i/$abc$161335$auto$blifparse.cc:396:parse_blif$163799/Y (sg13g2_nand4_1)
   0.09    1.25 v i_croc_soc/i_croc/i_core_wrap/$abc$149469$auto$blifparse.cc:396:parse_blif$150213/X (sg13g2_and3_1)
   0.06    1.31 ^ i_croc_soc/i_croc/i_core_wrap/$abc$149469$auto$blifparse.cc:396:parse_blif$150214/Y (sg13g2_a21oi_1)
   0.10    1.41 ^ i_croc_soc/i_croc/i_core_wrap/$abc$149469$auto$blifparse.cc:396:parse_blif$150216/X (sg13g2_mux2_1)
   0.03    1.44 v i_croc_soc/i_croc/i_core_wrap/$abc$149469$auto$blifparse.cc:396:parse_blif$150217/Y (sg13g2_nor2_1)
   0.17    1.61 ^ i_croc_soc/i_croc/i_core_wrap/$abc$149469$auto$blifparse.cc:396:parse_blif$150218/Y (sg13g2_a21oi_1)
   0.15    1.76 v i_croc_soc/i_croc/i_core_wrap/$abc$149469$auto$blifparse.cc:396:parse_blif$150219/Y (sg13g2_inv_1)
   0.26    2.01 ^ i_croc_soc/i_croc/i_core_wrap/$abc$149469$auto$blifparse.cc:396:parse_blif$150221/Y (sg13g2_xnor2_1)
   0.11    2.12 v i_croc_soc/i_croc/i_core_wrap/$abc$149469$auto$blifparse.cc:396:parse_blif$150265/Y (sg13g2_nand2_2)
   0.08    2.20 ^ i_croc_soc/i_croc/i_core_wrap/$abc$149469$auto$blifparse.cc:396:parse_blif$150425/Y (sg13g2_a21oi_2)
   0.05    2.25 v i_croc_soc/i_croc/i_core_wrap/$abc$149469$auto$blifparse.cc:396:parse_blif$150430/Y (sg13g2_nor3_1)
   0.29    2.55 ^ i_croc_soc/i_croc/i_core_wrap/$abc$149469$auto$blifparse.cc:396:parse_blif$150453/Y (sg13g2_a221oi_1)
   0.17    2.71 v i_croc_soc/i_croc/i_core_wrap/$abc$149469$auto$blifparse.cc:396:parse_blif$150454/Y (sg13g2_nor2_2)
   0.15    2.86 ^ i_croc_soc/i_croc/i_core_wrap/$abc$149469$auto$blifparse.cc:396:parse_blif$150475/Y (sg13g2_nor3_1)
   0.07    2.93 v i_croc_soc/i_croc/i_core_wrap/$abc$149469$auto$blifparse.cc:396:parse_blif$150476/Y (sg13g2_nor2_1)
   0.10    3.04 ^ i_croc_soc/i_croc/i_core_wrap/$abc$149469$auto$blifparse.cc:396:parse_blif$150520/Y (sg13g2_o21ai_1)
   0.18    3.22 v i_croc_soc/i_croc/i_core_wrap/$abc$149469$auto$blifparse.cc:396:parse_blif$150521/X (sg13g2_mux2_1)
   0.16    3.38 v i_croc_soc/i_croc/i_core_wrap/$abc$149469$auto$blifparse.cc:396:parse_blif$150522/Y (sg13g2_xnor2_1)
   0.10    3.48 ^ i_croc_soc/i_croc/i_core_wrap/$abc$149469$auto$blifparse.cc:396:parse_blif$152636/Y (sg13g2_a21oi_1)
   0.09    3.57 ^ i_croc_soc/i_croc/i_core_wrap/$abc$149469$auto$blifparse.cc:396:parse_blif$152638/X (sg13g2_or2_1)
   0.11    3.68 v i_croc_soc/i_croc/i_core_wrap/$abc$149469$auto$blifparse.cc:396:parse_blif$152639/Y (sg13g2_o21ai_1)
   0.16    3.84 v i_croc_soc/i_croc/i_core_wrap/$abc$149469$auto$blifparse.cc:396:parse_blif$152640/X (sg13g2_mux2_1)
   0.10    3.95 ^ i_croc_soc/i_croc/$abc$154348$auto$blifparse.cc:396:parse_blif$154525/Y (sg13g2_nor2_1)
   0.19    4.14 ^ i_croc_soc/i_croc/$abc$154348$auto$blifparse.cc:396:parse_blif$154536/X (sg13g2_and4_1)
   0.15    4.29 v i_croc_soc/i_croc/$abc$154348$auto$blifparse.cc:396:parse_blif$154579/Y (sg13g2_nand3_1)
   0.17    4.46 ^ i_croc_soc/i_croc/$abc$154348$auto$blifparse.cc:396:parse_blif$154585/Y (sg13g2_nor4_1)
   0.12    4.58 v i_croc_soc/i_croc/$abc$154348$auto$blifparse.cc:396:parse_blif$154587/Y (sg13g2_o21ai_1)
   0.16    4.74 v i_croc_soc/i_croc/$abc$154348$auto$blifparse.cc:396:parse_blif$154665/X (sg13g2_a21o_1)
   0.09    4.83 ^ i_croc_soc/i_croc/$abc$154348$auto$blifparse.cc:396:parse_blif$154672/Y (sg13g2_o21ai_1)
   0.12    4.96 ^ i_croc_soc/i_croc/$abc$154348$auto$blifparse.cc:396:parse_blif$154673/X (sg13g2_buf_2)
   0.13    5.08 ^ i_croc_soc/i_croc/$abc$154348$auto$blifparse.cc:396:parse_blif$154674/X (sg13g2_buf_2)
   0.17    5.25 v i_croc_soc/i_croc/$abc$154348$auto$blifparse.cc:396:parse_blif$154930/X (sg13g2_mux2_1)
   0.05    5.30 ^ i_croc_soc/i_croc/$abc$154348$auto$blifparse.cc:396:parse_blif$154931/Y (sg13g2_o21ai_1)
   0.09    5.39 v i_croc_soc/i_croc/$abc$154348$auto$blifparse.cc:396:parse_blif$154932/Y (sg13g2_o21ai_1)
   0.25    5.64 ^ i_croc_soc/i_croc/$abc$154348$auto$blifparse.cc:396:parse_blif$154947/Y (sg13g2_a221oi_1)
   0.11    5.76 v i_croc_soc/i_croc/$abc$154348$auto$blifparse.cc:396:parse_blif$154954/Y (sg13g2_nor2_1)
   0.18    5.93 ^ i_croc_soc/i_croc/$abc$154348$auto$blifparse.cc:396:parse_blif$154956/Y (sg13g2_a221oi_1)
   0.10    6.03 v i_croc_soc/i_croc/$abc$154348$auto$blifparse.cc:396:parse_blif$157613/Y (sg13g2_a22oi_1)
   0.08    6.11 ^ i_croc_soc/i_croc/$abc$154348$auto$blifparse.cc:396:parse_blif$157621/Y (sg13g2_nand3b_1)
   0.14    6.25 ^ i_croc_soc/i_croc/$abc$154348$auto$blifparse.cc:396:parse_blif$157622/X (sg13g2_buf_1)
   0.17    6.42 ^ i_croc_soc/i_croc/$abc$154348$auto$blifparse.cc:396:parse_blif$157623/X (sg13g2_buf_1)
   0.07    6.49 v i_croc_soc/i_croc/$abc$154348$auto$blifparse.cc:396:parse_blif$157624/Y (sg13g2_nor2_1)
   0.09    6.58 v i_croc_soc/i_croc/i_gpio/$abc$169260$auto$blifparse.cc:396:parse_blif$169436/X (sg13g2_and2_1)
   0.08    6.66 ^ i_croc_soc/i_croc/i_gpio/$abc$169260$auto$blifparse.cc:396:parse_blif$170052/Y (sg13g2_o21ai_1)
   0.10    6.76 ^ i_croc_soc/i_croc/i_gpio/$abc$169260$auto$blifparse.cc:396:parse_blif$170053/X (sg13g2_and2_1)
   0.05    6.81 v i_croc_soc/i_croc/$abc$154348$auto$blifparse.cc:396:parse_blif$155166/Y (sg13g2_o21ai_1)
   0.15    6.96 ^ i_croc_soc/i_croc/$abc$154348$auto$blifparse.cc:396:parse_blif$155169/Y (sg13g2_o21ai_1)
   0.10    7.06 v i_croc_soc/i_croc/$abc$154348$auto$blifparse.cc:396:parse_blif$155967/Y (sg13g2_a21oi_1)
   0.08    7.14 ^ i_croc_soc/i_croc/$abc$154348$auto$blifparse.cc:396:parse_blif$155968/Y (sg13g2_nor3_1)
   0.12    7.26 ^ i_croc_soc/i_croc/$abc$154348$auto$blifparse.cc:396:parse_blif$155972/Y (sg13g2_nand2b_1)
   0.12    7.38 ^ i_croc_soc/i_croc/i_core_wrap/$abc$149469$auto$blifparse.cc:396:parse_blif$151564/Y (sg13g2_nor2b_1)
   0.09    7.47 ^ i_croc_soc/i_croc/i_core_wrap/$abc$149469$auto$blifparse.cc:396:parse_blif$151565/X (sg13g2_a21o_1)
   0.04    7.51 v i_croc_soc/i_croc/i_core_wrap/$abc$149469$auto$blifparse.cc:396:parse_blif$151747/Y (sg13g2_inv_1)
   0.08    7.59 ^ i_croc_soc/i_croc/i_core_wrap/$abc$149469$auto$blifparse.cc:396:parse_blif$152902/Y (sg13g2_nand4_1)
   0.19    7.78 v i_croc_soc/i_croc/i_core_wrap/$abc$149469$auto$blifparse.cc:396:parse_blif$152918/Y (sg13g2_nand2_1)
   0.25    8.02 ^ i_croc_soc/i_croc/i_core_wrap/$abc$149469$auto$blifparse.cc:396:parse_blif$152961/Y (sg13g2_nor3_1)
   0.18    8.21 ^ i_croc_soc/i_croc/i_core_wrap/$abc$149469$auto$blifparse.cc:396:parse_blif$152998/X (sg13g2_and3_1)
   0.17    8.37 v i_croc_soc/i_croc/i_core_wrap/$abc$149469$auto$blifparse.cc:396:parse_blif$153003/Y (sg13g2_nand3_1)
   0.16    8.54 ^ i_croc_soc/i_croc/i_core_wrap/$abc$149469$auto$blifparse.cc:396:parse_blif$153025/Y (sg13g2_nor3_1)
   0.12    8.66 v i_croc_soc/i_croc/i_core_wrap/$abc$149469$auto$blifparse.cc:396:parse_blif$153027/Y (sg13g2_nand2_1)
   0.15    8.81 ^ i_croc_soc/i_croc/i_core_wrap/$abc$149469$auto$blifparse.cc:396:parse_blif$153036/Y (sg13g2_nor3_1)
   0.13    8.93 v i_croc_soc/i_croc/i_core_wrap/$abc$149469$auto$blifparse.cc:396:parse_blif$153045/Y (sg13g2_nand3_1)
   0.10    9.03 ^ i_croc_soc/i_croc/i_core_wrap/$abc$149469$auto$blifparse.cc:396:parse_blif$153050/Y (sg13g2_nor2_1)
   0.13    9.16 ^ i_croc_soc/i_croc/i_core_wrap/$abc$149469$auto$blifparse.cc:396:parse_blif$153051/Y (sg13g2_nor2b_1)
   0.10    9.26 ^ i_croc_soc/i_croc/i_core_wrap/$abc$149469$auto$blifparse.cc:396:parse_blif$153052/Y (sg13g2_xnor2_1)
   0.06    9.32 v i_croc_soc/i_croc/i_core_wrap/$abc$149469$auto$blifparse.cc:396:parse_blif$153053/Y (sg13g2_o21ai_1)
   0.00    9.32 v i_croc_soc/i_croc/i_core_wrap/i_ibex.crash_dump_o_94__reg/D (sg13g2_dfrbp_1)
           9.32   data arrival time

  10.00   10.00   clock clk_sys (rise edge)
   0.00   10.00   clock network delay (ideal)
   0.00   10.00   clock reconvergence pessimism
          10.00 ^ i_croc_soc/i_croc/i_core_wrap/i_ibex.crash_dump_o_94__reg/CLK (sg13g2_dfrbp_1)
  -0.13    9.87   library setup time
           9.87   data required time
---------------------------------------------------------
           9.87   data required time
          -9.32   data arrival time
---------------------------------------------------------
           0.56   slack (MET)


